 driver_test_slrt

 Timestamp is 5c049637 (Mon Dec  3 13:34:31 2018)

 Preferred load address is 10000000

 Start         Length     Name                   Class
 0001:00000000 00061378H .text$mn                CODE
 0002:00000000 00000104H .CRT$XCA                DATA
 0002:00000104 00000104H .CRT$XCZ                DATA
 0002:00000208 00000104H .CRT$XIA                DATA
 0002:0000030c 00000110H .CRT$XIC                DATA
 0002:0000041c 00000104H .CRT$XIZ                DATA
 0002:00000520 00000104H .CRT$XPA                DATA
 0002:00000624 0000010cH .CRT$XPX                DATA
 0002:00000730 00000104H .CRT$XPXA               DATA
 0002:00000834 00000104H .CRT$XPZ                DATA
 0002:00000938 00000104H .CRT$XTA                DATA
 0002:00000a3c 00000104H .CRT$XTZ                DATA
 0002:00000b40 0000cc38H .rdata                  DATA
 0002:0000d778 00000398H .rdata$r                DATA
 0002:0000db10 00000110H .rdata$sxdata           DATA
 0002:0000dc20 000001acH .rdata$zzzdbg           DATA
 0002:0000ddcc 00000104H .rtc$IAA                DATA
 0002:0000ded0 00000104H .rtc$IZZ                DATA
 0002:0000dfd4 00000104H .rtc$TAA                DATA
 0002:0000e0d8 00000108H .rtc$TZZ                DATA
 0002:0000e1e0 00000ac0H .xdata$x                DATA
 0002:0000eca0 00000204H .edata                  DATA
 0003:00000000 00000e70H .data                   DATA
 0003:00000e70 000001f0H .data$r                 DATA
 0003:00001060 000139b8H .bss                    DATA
 0004:00000000 000001d4H .idata$5                DATA
 0004:000001d4 00000014H .idata$2                DATA
 0004:000001e8 00000014H .idata$3                DATA
 0004:000001fc 000001d4H .idata$4                DATA
 0004:000003d0 00000843H .idata$6                DATA
 0005:00000000 00000224H .gfids$x                DATA
 0005:00000224 000001a5H .gfids$y                DATA
 0006:00000000 00000104H .00cfg                  DATA

  Address         Publics by Value              Rva+Base       Lib:Object

 0000:00000000       ___guard_iat_table         00000000     <absolute>
 0000:00000000       ___guard_iat_count         00000000     <absolute>
 0000:00000000       ___guard_longjmp_table     00000000     <absolute>
 0000:00000000       ___guard_fids_count        00000000     <absolute>
 0000:00000000       ___guard_longjmp_count     00000000     <absolute>
 0000:00000000       ___guard_fids_table        00000000     <absolute>
 0000:00000000       __except_list              00000000     <absolute>
 0000:00000000       ___dynamic_value_reloc_table 00000000     <absolute>
 0000:00000003       ___safe_se_handler_count   00000003     <absolute>
 0000:00000100       ___guard_flags             00000100     <absolute>
 0000:00000000       ___ImageBase               10000000     <linker-defined>
 0001:00005f40       _MdlInitialize             10006f40 f   driver_test.obj
 0001:00005f50       _MdlInitializeSampleTimes  10006f50 f   driver_test.obj
 0001:00005f60       _MdlInitializeSizes        10006f60 f   driver_test.obj
 0001:00005f70       _MdlOutputs                10006f70 f   driver_test.obj
 0001:00005fb0       _MdlStart                  10006fb0 f   driver_test.obj
 0001:00005fc0       _MdlTerminate              10006fc0 f   driver_test.obj
 0001:00005fe0       _MdlUpdate                 10006fe0 f   driver_test.obj
 0001:00006070       ___local_stdio_printf_options 10007070 f i driver_test.obj
 0001:00006080       __vfprintf_l               10007080 f i driver_test.obj
 0001:000060b0       _driver_test               100070b0 f   driver_test.obj
 0001:00006cc0       _printf                    10007cc0 f i driver_test.obj
 0001:00006d00       _rt_mxCreateCharMatrixFromStrings 10007d00 f   rt_matrx.obj
 0001:00006e60       _rt_mxCreateDoubleMatrix   10007e60 f   rt_matrx.obj
 0001:00006ec0       _rt_mxCreateNumericArray   10007ec0 f   rt_matrx.obj
 0001:00006f40       _rt_mxCreateString         10007f40 f   rt_matrx.obj
 0001:00006fd0       _rt_mxDuplicateArray       10007fd0 f   rt_matrx.obj
 0001:00007030       _rt_mxGetDimensions        10008030 f   rt_matrx.obj
 0001:00007070       _rt_mxGetEps               10008070 f   rt_matrx.obj
 0001:00007080       _rt_mxGetString            10008080 f   rt_matrx.obj
 0001:00007100       _rtPrintfNoOp              10008100 f   rt_printf.obj
 0001:00007110       __vsnprintf_l              10008110 f i rt_logging.obj
 0001:00007150       __vsprintf_l               10008150 f i rt_logging.obj
 0001:00007190       _fprintf                   10008190 f i rt_logging.obj
 0001:00007aa0       _rt_CreateLogVar           10008aa0 f   rt_logging.obj
 0001:00007b30       _rt_CreateLogVarWithConvert 10008b30 f   rt_logging.obj
 0001:000084b0       _rt_CreateStructLogVar     100094b0 f   rt_logging.obj
 0001:00009210       _rt_GetMxIdFromDTypeId     1000a210 f   rt_logging.obj
 0001:00009240       _rt_GetMxIdFromDTypeIdForRSim 1000a240 f   rt_logging.obj
 0001:0000bb20       _rt_StartDataLogging       1000cb20 f   rt_logging.obj
 0001:0000bfe0       _rt_StartDataLoggingWithStartTime 1000cfe0 f   rt_logging.obj
 0001:0000c940       _rt_StopDataLogging        1000d940 f   rt_logging.obj
 0001:0000c960       _rt_StopDataLoggingImpl    1000d960 f   rt_logging.obj
 0001:0000cc90       _rt_UpdateLogVar           1000dc90 f   rt_logging.obj
 0001:0000ddb0       _rt_UpdateStructLogVar     1000edb0 f   rt_logging.obj
 0001:0000de40       _rt_UpdateTXXFYLogVars     1000ee40 f   rt_logging.obj
 0001:0000e2a0       _rt_UpdateTXYLogVars       1000f2a0 f   rt_logging.obj
 0001:0000e4f0       _rt_getTempMemory          1000f4f0 f   rt_logging.obj
 0001:0000e540       _sprintf                   1000f540 f i rt_logging.obj
 0001:0000e580       _driver_test_GetCAPIStaticMap 1000f580 f   driver_test_capi.obj
 0001:0000e590       _driver_test_InitializeDataMapInfo 1000f590 f   driver_test_capi.obj
 0001:0000e660       _mdlXcp_GetMdlXcpInfo      1000f660 f   driver_test_xcp.obj
 0001:0000e670       _SLRT_update_TET           1000f670 f   driver_test_xcp_TET.obj
 0001:0000e740       _rtGetInf                  1000f740 f   rtGetInf.obj
 0001:0000e770       _rtGetInfF                 1000f770 f   rtGetInf.obj
 0001:0000e790       _rtGetMinusInf             1000f790 f   rtGetInf.obj
 0001:0000e7c0       _rtGetMinusInfF            1000f7c0 f   rtGetInf.obj
 0001:0000e7e0       _rtGetNaN                  1000f7e0 f   rtGetNaN.obj
 0001:0000e810       _rtGetNaNF                 1000f810 f   rtGetNaN.obj
 0001:0000e830       _rtIsInf                   1000f830 f   rt_nonfinite.obj
 0001:0000e870       _rtIsInfF                  1000f870 f   rt_nonfinite.obj
 0001:0000e8b0       _rtIsNaN                   1000f8b0 f   rt_nonfinite.obj
 0001:0000e8d0       _rtIsNaNF                  1000f8d0 f   rt_nonfinite.obj
 0001:0000e8f0       _rt_InitInfAndNaN          1000f8f0 f   rt_nonfinite.obj
 0001:0000e950       _rt_CleanUpForStateLogWithMMI 1000f950 f   rt_logging_mmi.obj
 0001:0000ea60       _rt_FillStateSigInfoFromMMI 1000fa60 f   rt_logging_mmi.obj
 0001:0000ee00       _rtwCAPI_CountSysRan       1000fe00 f   rtw_modelmap_utils.obj
 0001:0000eea0       _rtwCAPI_EncodePath        1000fea0 f   rtw_modelmap_utils.obj
 0001:0000efa0       _rtwCAPI_FillSysRan        1000ffa0 f   rtw_modelmap_utils.obj
 0001:0000f090       _rtwCAPI_FreeFullPaths     10010090 f   rtw_modelmap_utils.obj
 0001:0000f120       _rtwCAPI_GetFullStateBlockPath 10010120 f   rtw_modelmap_utils.obj
 0001:0000f2d0       _rtwCAPI_GetNumContStateRecords 100102d0 f   rtw_modelmap_utils.obj
 0001:0000f390       _rtwCAPI_GetNumSigLogRecords 10010390 f   rtw_modelmap_utils.obj
 0001:0000f3e0       _rtwCAPI_GetNumSigLogRecordsForRTWLogging 100103e0 f   rtw_modelmap_utils.obj
 0001:0000f480       _rtwCAPI_GetNumStateRecords 10010480 f   rtw_modelmap_utils.obj
 0001:0000f4d0       _rtwCAPI_GetNumStateRecordsForRTWLogging 100104d0 f   rtw_modelmap_utils.obj
 0001:0000f570       _rtwCAPI_GetSigAddrFromMap 10010570 f   rtw_modelmap_utils.obj
 0001:0000f630       _rtwCAPI_GetSigLogRecordInfo 10010630 f   rtw_modelmap_utils.obj
 0001:0000fa60       _rtwCAPI_GetStateRecordInfo 10010a60 f   rtw_modelmap_utils.obj
 0001:0000ff10       _rtwCAPI_GetStateWidth     10010f10 f   rtw_modelmap_utils.obj
 0001:0000ff70       _rtwCAPI_HasStates         10010f70 f   rtw_modelmap_utils.obj
 0001:0000ffe0       _rtwCAPI_UpdateFullPaths   10010fe0 f   rtw_modelmap_utils.obj
 0001:000101c0       _timestamp_x86             100111c0 f   host_timer_x86.obj
 0001:000101d0       _taskTimeEnd               100111d0 f   xpc_code_profiling_utility_functions.obj
 0001:000101e0       _taskTimeEnd_              100111e0 f   xpc_code_profiling_utility_functions.obj
 0001:000101f0       _taskTimeStart             100111f0 f   xpc_code_profiling_utility_functions.obj
 0001:00010200       _taskTimeStart_            10011200 f   xpc_code_profiling_utility_functions.obj
 0001:00010210       _xilProfilingTimerFreeze   10011210 f   xpc_code_profiling_utility_functions.obj
 0001:00010220       _xilProfilingTimerUnFreeze 10011220 f   xpc_code_profiling_utility_functions.obj
 0001:00010230       _xilUploadProfilingData    10011230 f   xpc_code_profiling_utility_functions.obj
 0001:00010240       _DllMain@12                10011240 f   xpctarget.obj
 0001:00010250       _SLRTSetErrorStatus        10011250 f   xpctarget.obj
 0001:00010270       _changeStepSize            10011270 f   xpctarget.obj
 0001:000102c0       _driver_test_ChangeStepSize 100112c0 f   xpctarget.obj
 0001:00010310       _getDLMVersion             10011310 f   xpctarget.obj
 0001:00010320       _getRefMdlPath             10011320 f   xpctarget.obj
 0001:000103a0       _getRefMdlSignalNumber     100113a0 f   xpctarget.obj
 0001:00010450       _getrlmdlinfo              10011450 f   xpctarget.obj
 0001:000105b0       _updateDiscreteEvents      100115b0 f   xpctarget.obj
 0001:000105c0       _getNumRef                 100115c0 f   appmappingData.obj
 0001:000105d0       _vprintf                   100115d0 f i legacy_stdio.obj
 0001:00010610       _advantechpci1716l         10011610 f   advantechpci1716l.obj
 0001:00010ca0       _GetPCIDeviceFull          10011ca0 f   xpcruntime:xpcimports.obj
 0001:00010cf0       _GetPCIDeviceFunction      10011cf0 f   xpcruntime:xpcimports.obj
 0001:00010d30       _ShowPCIDevice             10011d30 f   xpcruntime:xpcimports.obj
 0001:00011360       _slrtGetPciConfigAtFunction 10012360 f   xpcruntime:xpcimports.obj
 0001:000116d0       _xpcGetPciConfigAtSlot     100126d0 f   xpcruntime:xpcimports.obj
 0001:000116f0       _xpcInitProcs              100126f0 f   xpcruntime:xpcimports.obj
 0001:00012c20       _xpceuploadevent           10013c20 f   xpcruntime:xpcimports.obj
 0001:00012c30       __ftoui3                   10013c30 f   LIBCMT:_ftol3_.obj
 0001:00012c3f       __ftoul3                   10013c3f f   LIBCMT:_ftol3_.obj
 0001:00012c4e       __ftol3                    10013c4e f   LIBCMT:_ftol3_.obj
 0001:00012c5b       __ftol3_NaN                10013c5b f   LIBCMT:_ftol3_.obj
 0001:00012c73       __ftol3_work               10013c73 f   LIBCMT:_ftol3_.obj
 0001:00012cf9       __ftol3_common             10013cf9 f   LIBCMT:_ftol3_.obj
 0001:00012dbb       __ftol3_arg_error          10013dbb f   LIBCMT:_ftol3_.obj
 0001:00012dcd       __ftol3_except             10013dcd f   LIBCMT:_ftol3_.obj
 0001:00012e11       __dtoui3                   10013e11 f   LIBCMT:_ftol3_.obj
 0001:00012e20       __dtoul3                   10013e20 f   LIBCMT:_ftol3_.obj
 0001:00012e2f       __dtol3                    10013e2f f   LIBCMT:_ftol3_.obj
 0001:00012e3c       __dtol3_NaN                10013e3c f   LIBCMT:_ftol3_.obj
 0001:00012e59       __dtol3_work               10013e59 f   LIBCMT:_ftol3_.obj
 0001:00012f40       __ultod3                   10013f40 f   LIBCMT:_ftol3_.obj
 0001:00012f80       __ltod3                    10013f80 f   LIBCMT:_ftol3_.obj
 0001:00013084       ___raise_securityfailure   10014084 f   LIBCMT:gs_report.obj
 0001:000130b6       ___report_gsfailure        100140b6 f   LIBCMT:gs_report.obj
 0001:000131ef       ___report_rangecheckfailure 100141ef f   LIBCMT:gs_report.obj
 0001:000131fe       ___report_securityfailure  100141fe f   LIBCMT:gs_report.obj
 0001:00013302       ___report_securityfailureEx 10014302 f   LIBCMT:gs_report.obj
 0001:0001345d       @__security_check_cookie@4 1001445d f   LIBCMT:_secchk_.obj
 0001:00013472       ___isa_available_init      10014472 f   LIBCMT:_cpu_disp_.obj
 0001:00013a3a       __CRT_INIT@12              10014a3a f   LIBCMT:dll_dllmain.obj
 0001:00013a45       __DllMainCRTStartup@12     10014a45 f   LIBCMT:dll_dllmain.obj
 0001:00013a70       ??$__crt_fast_decode_pointer@PAP6AXXZ@@YAPAP6AXXZQAP6AXXZ@Z 10014a70 f i LIBCMT:utility.obj
 0001:00013a89       ??$__crt_fast_encode_pointer@PAP6AXXZ@@YAPAP6AXXZQAP6AXXZ@Z 10014a89 f i LIBCMT:utility.obj
 0001:00013aad       ?__crt_rotate_pointer_value@@YAIIH@Z 10014aad f i LIBCMT:utility.obj
 0001:00013abd       ?configure_argv@__scrt_narrow_argv_policy@@SAHXZ 10014abd f i LIBCMT:utility.obj
 0001:00013b61       _NtCurrentTeb              10014b61 f i LIBCMT:utility.obj
 0001:00013b68       ___scrt_acquire_startup_lock 10014b68 f   LIBCMT:utility.obj
 0001:00013baa       ___scrt_dllmain_after_initialize_c 10014baa f   LIBCMT:utility.obj
 0001:00013bdf       ___scrt_dllmain_before_initialize_c 10014bdf f   LIBCMT:utility.obj
 0001:00013bf0       ___scrt_dllmain_crt_thread_attach 10014bf0 f   LIBCMT:utility.obj
 0001:00013c16       ___scrt_dllmain_crt_thread_detach 10014c16 f   LIBCMT:utility.obj
 0001:00013c26       ___scrt_dllmain_exception_filter 10014c26 f   LIBCMT:utility.obj
 0001:00013c65       ___scrt_dllmain_uninitialize_c 10014c65 f   LIBCMT:utility.obj
 0001:00013c90       ___scrt_dllmain_uninitialize_critical 10014c90 f   LIBCMT:utility.obj
 0001:00013ca0       ___scrt_initialize_crt     10014ca0 f   LIBCMT:utility.obj
 0001:00013ce7       ___scrt_initialize_onexit_tables 10014ce7 f   LIBCMT:utility.obj
 0001:00013da3       ___scrt_is_nonwritable_in_current_image 10014da3 f   LIBCMT:utility.obj
 0001:00013e4f       ___scrt_release_startup_lock 10014e4f f   LIBCMT:utility.obj
 0001:00013e73       ___scrt_uninitialize_crt   10014e73 f   LIBCMT:utility.obj
 0001:00013ea5       __onexit                   10014ea5 f   LIBCMT:utility.obj
 0001:00013eee       _at_quick_exit             10014eee f   LIBCMT:utility.obj
 0001:00013f2b       _atexit                    10014f2b f   LIBCMT:utility.obj
 0001:00013f45       ___security_init_cookie    10014f45 f   LIBCMT:gs_support.obj
 0001:00014008       ?__scrt_initialize_type_info@@YAXXZ 10015008 f   LIBCMT:tncleanup.obj
 0001:00014017       ?__scrt_uninitialize_type_info@@YAXXZ 10015017 f   LIBCMT:tncleanup.obj
 0001:00014026       ___local_stdio_scanf_options 10015026 f i LIBCMT:default_local_stdio_options.obj
 0001:0001402c       ___scrt_initialize_default_local_stdio_options 1001502c f   LIBCMT:default_local_stdio_options.obj
 0001:00014050       ___scrt_get_dyn_tls_init_callback 10015050 f   LIBCMT:dyn_tls_init.obj
 0001:00014056       ___scrt_fastfail           10015056 f   LIBCMT:utility_desktop.obj
 0001:000141b7       ___scrt_get_show_window_mode 100151b7 f   LIBCMT:utility_desktop.obj
 0001:000141f6       ___scrt_initialize_winrt   100151f6 f   LIBCMT:utility_desktop.obj
 0001:000141f9       ___scrt_is_managed_app     100151f9 f   LIBCMT:utility_desktop.obj
 0001:0001424e       ___scrt_set_unhandled_exception_filter 1001524e f   LIBCMT:utility_desktop.obj
 0001:0001425d       ___scrt_unhandled_exception_filter@4 1001525d f   LIBCMT:utility_desktop.obj
 0001:000142ae       __crt_debugger_hook        100152ae f   LIBCMT:utility_desktop.obj
 0001:000142b8       __RTC_Initialize           100152b8 f   LIBCMT:_initsect_.obj
 0001:000142ed       __RTC_Terminate            100152ed f   LIBCMT:_initsect_.obj
 0001:00014322       @_guard_check_icall@4      10015322 f i LIBCMT:checkcfg.obj
 0001:00014330       __SEH_prolog4              10015330 f   LIBCMT:_sehprolg4_.obj
 0001:00014376       __SEH_epilog4              10015376 f   LIBCMT:_sehprolg4_.obj
 0001:000143a1       __get_startup_argv_mode    100153a1 f   LIBCMT:argv_mode.obj
 0001:000143a5       ___scrt_is_ucrt_dll_in_use 100153a5 f   LIBCMT:ucrt_detection.obj
 0001:000143b4       @_guard_check_icall_nop@4  100153b4 f i LIBCMT:guard_support.obj
 0001:000143b5       __guard_icall_checks_enforced 100153b5 f i LIBCMT:guard_support.obj
 0001:000143cc       _GetModuleHandleA@4        100153cc f   kernel32:KERNEL32.dll
 0001:000143d2       _GetProcAddress@8          100153d2 f   kernel32:KERNEL32.dll
 0001:000143d8       _UnhandledExceptionFilter@4 100153d8 f   kernel32:KERNEL32.dll
 0001:000143de       _SetUnhandledExceptionFilter@4 100153de f   kernel32:KERNEL32.dll
 0001:000143e4       _GetCurrentProcess@0       100153e4 f   kernel32:KERNEL32.dll
 0001:000143ea       _TerminateProcess@8        100153ea f   kernel32:KERNEL32.dll
 0001:000143f0       _IsProcessorFeaturePresent@4 100153f0 f   kernel32:KERNEL32.dll
 0001:000143f6       _QueryPerformanceCounter@4 100153f6 f   kernel32:KERNEL32.dll
 0001:000143fc       _GetCurrentProcessId@0     100153fc f   kernel32:KERNEL32.dll
 0001:00014402       _GetCurrentThreadId@0      10015402 f   kernel32:KERNEL32.dll
 0001:00014408       _GetSystemTimeAsFileTime@4 10015408 f   kernel32:KERNEL32.dll
 0001:0001440e       _InitializeSListHead@4     1001540e f   kernel32:KERNEL32.dll
 0001:00014414       _IsDebuggerPresent@0       10015414 f   kernel32:KERNEL32.dll
 0001:0001441a       _GetStartupInfoW@4         1001541a f   kernel32:KERNEL32.dll
 0001:00014420       _GetModuleHandleW@4        10015420 f   kernel32:KERNEL32.dll
 0001:00014430       _memset                    10015430 f   libvcruntime:memset.obj
 0001:000145e0       _memcpy                    100155e0 f   libvcruntime:memcpy.obj
 0001:00014cc0       _memmove                   10015cc0 f   libvcruntime:memmove.obj
 0001:000153a0       _strchr                    100163a0 f   libvcruntime:strchr.obj
 0001:0001540e       ___from_strstr_to_strchr   1001640e     libvcruntime:strchr.obj
 0001:00015560       __except_handler4          10016560 f   libvcruntime:_chandler4_.obj
 0001:0001571f       ___vcrt_initialize         1001671f f   libvcruntime:initialization.obj
 0001:00015752       ___vcrt_thread_attach      10016752 f   libvcruntime:initialization.obj
 0001:0001575f       ___vcrt_thread_detach      1001675f f   libvcruntime:initialization.obj
 0001:0001576c       ___vcrt_uninitialize       1001676c f   libvcruntime:initialization.obj
 0001:00015792       ___vcrt_uninitialize_critical 10016792 f   libvcruntime:initialization.obj
 0001:000157ad       ??$?RD@__crt_internal_free_policy@@QBEXQBD@Z 100167ad f i libvcruntime:std_type_info.obj
 0001:000157c1       ??$?RX@__crt_internal_free_policy@@QBEXQBX@Z 100167c1 f i libvcruntime:std_type_info.obj
 0001:000157d5       ??$__crt_interlocked_compare_exchange_pointer@$$CBD$$T$$T@@YAPBDPDSBD$$T1@Z 100167d5 f i libvcruntime:std_type_info.obj
 0001:000157eb       ??$__crt_interlocked_compare_exchange_pointer@$$CBDPAD$$T@@YAPBDPDSBDQAD$$T@Z 100167eb f i libvcruntime:std_type_info.obj
 0001:00015801       ??$__crt_interlocked_read_pointer@$$CBD@@YAPBDPDSBD@Z 10016801 f i libvcruntime:std_type_info.obj
 0001:00015815       ??0?$__crt_unique_heap_ptr@DU__crt_internal_free_policy@@@@QAE@QAD@Z 10016815 f i libvcruntime:std_type_info.obj
 0001:00015826       ??0?$__crt_unique_heap_ptr@XU__crt_internal_free_policy@@@@QAE@QAX@Z 10016826 f i libvcruntime:std_type_info.obj
 0001:00015837       ??1?$__crt_unique_heap_ptr@DU__crt_internal_free_policy@@@@QAE@XZ 10016837 f i libvcruntime:std_type_info.obj
 0001:0001584b       ??1?$__crt_unique_heap_ptr@XU__crt_internal_free_policy@@@@QAE@XZ 1001684b f i libvcruntime:std_type_info.obj
 0001:0001586b       ??B?$__crt_unique_heap_ptr@DU__crt_internal_free_policy@@@@QBE_NXZ 1001686b f i libvcruntime:std_type_info.obj
 0001:00015872       ??B?$__crt_unique_heap_ptr@XU__crt_internal_free_policy@@@@QBE_NXZ 10016872 f i libvcruntime:std_type_info.obj
 0001:000158a1       ?detach@?$__crt_unique_heap_ptr@XU__crt_internal_free_policy@@@@QAEPAXXZ 100168a1 f i libvcruntime:std_type_info.obj
 0001:000158a7       ?get@?$__crt_unique_heap_ptr@DU__crt_internal_free_policy@@@@QBEPADXZ 100168a7 f i libvcruntime:std_type_info.obj
 0001:000158aa       ?get@?$__crt_unique_heap_ptr@XU__crt_internal_free_policy@@@@QBEPAXXZ 100168aa f i libvcruntime:std_type_info.obj
 0001:000158ad       ?is_valid@?$__crt_unique_heap_ptr@DU__crt_internal_free_policy@@@@QBE_NXZ 100168ad f i libvcruntime:std_type_info.obj
 0001:000158b4       ?is_valid@?$__crt_unique_heap_ptr@XU__crt_internal_free_policy@@@@QBE_NXZ 100168b4 f i libvcruntime:std_type_info.obj
 0001:000158bb       ?release@?$__crt_unique_heap_ptr@DU__crt_internal_free_policy@@@@QAEXXZ 100168bb f i libvcruntime:std_type_info.obj
 0001:000158cf       ?release@?$__crt_unique_heap_ptr@XU__crt_internal_free_policy@@@@QAEXXZ 100168cf f i libvcruntime:std_type_info.obj
 0001:000158e3       ___std_type_info_compare   100168e3 f   libvcruntime:std_type_info.obj
 0001:0001592e       ___std_type_info_destroy_list 1001692e f   libvcruntime:std_type_info.obj
 0001:00015959       ___std_type_info_hash      10016959 f   libvcruntime:std_type_info.obj
 0001:00015988       ___std_type_info_name      10016988 f   libvcruntime:std_type_info.obj
 0001:00015a90       __local_unwind4            10016a90 f   libvcruntime:_exsup4_.obj
 0001:00015b66       __seh_longjmp_unwind4@4    10016b66 f   libvcruntime:_exsup4_.obj
 0001:00015b8e       @_EH4_CallFilterFunc@8     10016b8e f   libvcruntime:_exsup4_.obj
 0001:00015ba5       @_EH4_TransferToHandler@8  10016ba5 f   libvcruntime:_exsup4_.obj
 0001:00015bbe       @_EH4_GlobalUnwind2@8      10016bbe f   libvcruntime:_exsup4_.obj
 0001:00015bd7       @_EH4_LocalUnwind@16       10016bd7 f   libvcruntime:_exsup4_.obj
 0001:00015c45       ___except_validate_context_record 10016c45 f   libvcruntime:jbcxrval.obj
 0001:00015c46       ___except_validate_jump_buffer 10016c46 f   libvcruntime:jbcxrval.obj
 0001:00015c47       ??$?RU__vcrt_ptd@@@__crt_internal_free_policy@@QBEXQBU__vcrt_ptd@@@Z 10016c47 f i libvcruntime:per_thread_data.obj
 0001:00015c5b       ??0?$__crt_unique_heap_ptr@U__vcrt_ptd@@U__crt_internal_free_policy@@@@QAE@QAU__vcrt_ptd@@@Z 10016c5b f i libvcruntime:per_thread_data.obj
 0001:00015c7e       ??1?$__crt_unique_heap_ptr@U__vcrt_ptd@@U__crt_internal_free_policy@@@@QAE@XZ 10016c7e f i libvcruntime:per_thread_data.obj
 0001:00015c9d       ??B?$__crt_unique_heap_ptr@U__vcrt_ptd@@U__crt_internal_free_policy@@@@QBE_NXZ 10016c9d f i libvcruntime:per_thread_data.obj
 0001:00015ca4       ?detach@?$__crt_unique_heap_ptr@U__vcrt_ptd@@U__crt_internal_free_policy@@@@QAEPAU__vcrt_ptd@@XZ 10016ca4 f i libvcruntime:per_thread_data.obj
 0001:00015caa       ?get@?$__crt_unique_heap_ptr@U__vcrt_ptd@@U__crt_internal_free_policy@@@@QBEPAU__vcrt_ptd@@XZ 10016caa f i libvcruntime:per_thread_data.obj
 0001:00015cad       ?is_valid@?$__crt_unique_heap_ptr@U__vcrt_ptd@@U__crt_internal_free_policy@@@@QBE_NXZ 10016cad f i libvcruntime:per_thread_data.obj
 0001:00015cb4       ?release@?$__crt_unique_heap_ptr@U__vcrt_ptd@@U__crt_internal_free_policy@@@@QAEXXZ 10016cb4 f i libvcruntime:per_thread_data.obj
 0001:00015ce8       ___vcrt_freefls@4          10016ce8 f   libvcruntime:per_thread_data.obj
 0001:00015d0b       ___vcrt_freeptd            10016d0b f   libvcruntime:per_thread_data.obj
 0001:00015d4e       ___vcrt_getptd             10016d4e f   libvcruntime:per_thread_data.obj
 0001:00015d5f       ___vcrt_getptd_noexit      10016d5f f   libvcruntime:per_thread_data.obj
 0001:00015e15       ___vcrt_initialize_ptd     10016e15 f   libvcruntime:per_thread_data.obj
 0001:00015e54       ___vcrt_uninitialize_ptd   10016e54 f   libvcruntime:per_thread_data.obj
 0001:00015e75       ___vcrt_initialize_locks   10016e75 f   libvcruntime:locks.obj
 0001:00015ec0       ___vcrt_lock               10016ec0 f   libvcruntime:locks.obj
 0001:00015eda       ___vcrt_uninitialize_locks 10016eda f   libvcruntime:locks.obj
 0001:00015f14       ___vcrt_unlock             10016f14 f   libvcruntime:locks.obj
 0001:00015f2e       ??$?BX@__crt_fast_encoded_nullptr_t@@QBEPAXXZ 10016f2e f i libvcruntime:winapi_downlevel.obj
 0001:00015f4c       ??$__crt_fast_decode_pointer@PAX@@YAPAXQAX@Z 10016f4c f i libvcruntime:winapi_downlevel.obj
 0001:00015f65       ??$__crt_fast_encode_pointer@PAX@@YAPAXQAX@Z 10016f65 f i libvcruntime:winapi_downlevel.obj
 0001:00015f89       ??$__crt_interlocked_compare_exchange_pointer@UHINSTANCE__@@$$T$$T@@YAPAUHINSTANCE__@@PDSAU0@$$T1@Z 10016f89 f i libvcruntime:winapi_downlevel.obj
 0001:00015f9f       ??$__crt_interlocked_compare_exchange_pointer@X$$T$$T@@YAPAXPDSAX$$T1@Z 10016f9f f i libvcruntime:winapi_downlevel.obj
 0001:00015fb5       ??$__crt_interlocked_exchange_pointer@UHINSTANCE__@@PAU1@@@YAPAUHINSTANCE__@@PDSAU0@QAU0@@Z 10016fb5 f i libvcruntime:winapi_downlevel.obj
 0001:00015fc5       ??$__crt_interlocked_exchange_pointer@UHINSTANCE__@@PAX@@YAPAUHINSTANCE__@@PDSAU0@QAX@Z 10016fc5 f i libvcruntime:winapi_downlevel.obj
 0001:00015fd5       ??$__crt_interlocked_exchange_pointer@XPAX@@YAPAXPDSAXQAX@Z 10016fd5 f i libvcruntime:winapi_downlevel.obj
 0001:00015fe5       ??$__crt_interlocked_read_pointer@UHINSTANCE__@@@@YAPAUHINSTANCE__@@PDSAU0@@Z 10016fe5 f i libvcruntime:winapi_downlevel.obj
 0001:00015ff9       ??$__crt_interlocked_read_pointer@X@@YAPAXPDSAX@Z 10016ff9 f i libvcruntime:winapi_downlevel.obj
 0001:0001600d       ?__crt_fast_encode_pointer@@YA?AU__crt_fast_encoded_nullptr_t@@$$T@Z 1001700d f i libvcruntime:winapi_downlevel.obj
 0001:00016351       ___vcrt_EventRegister      10017351 f   libvcruntime:winapi_downlevel.obj
 0001:000163a1       ___vcrt_EventSetInformation 100173a1 f   libvcruntime:winapi_downlevel.obj
 0001:000163f4       ___vcrt_EventUnregister    100173f4 f   libvcruntime:winapi_downlevel.obj
 0001:0001643c       ___vcrt_EventWriteTransfer 1001743c f   libvcruntime:winapi_downlevel.obj
 0001:00016497       ___vcrt_FlsAlloc           10017497 f   libvcruntime:winapi_downlevel.obj
 0001:000164df       ___vcrt_FlsFree            100174df f   libvcruntime:winapi_downlevel.obj
 0001:00016527       ___vcrt_FlsGetValue        10017527 f   libvcruntime:winapi_downlevel.obj
 0001:0001656f       ___vcrt_FlsSetValue        1001756f f   libvcruntime:winapi_downlevel.obj
 0001:000165bb       ___vcrt_InitializeCriticalSectionEx 100175bb f   libvcruntime:winapi_downlevel.obj
 0001:00016612       ___vcrt_initialize_winapi_thunks 10017612 f   libvcruntime:winapi_downlevel.obj
 0001:0001665a       ___vcrt_uninitialize_winapi_thunks 1001765a f   libvcruntime:winapi_downlevel.obj
 0001:00016698       ??$?B$$A6AXXZ@__crt_fast_encoded_nullptr_t@@QBEP6AXXZXZ 10017698 f i libvcruntime:purevirt_data.obj
 0001:000166b6       ??$__crt_fast_encode_pointer@P6AXXZ@@YAP6AXXZQ6AXXZ@Z 100176b6 f i libvcruntime:purevirt_data.obj
 0001:000166da       ___vcrt_initialize_pure_virtual_call_handler 100176da f   libvcruntime:purevirt_data.obj
 0001:000166fe       ??$__vcrt_va_start_verify_argument_type@QBD@@YAXXZ 100176fe f i libvcruntime:undname.obj
 0001:000166ff       ??0Block@_HeapManager@@QAE@XZ 100176ff f i libvcruntime:undname.obj
 0001:00016705       ??0DName@@QAE@AAPBDD@Z     10017705 f   libvcruntime:undname.obj
 0001:000167ec       ??0DName@@QAE@ABV0@@Z      100177ec f i libvcruntime:undname.obj
 0001:00016807       ??0DName@@QAE@D@Z          10017807 f   libvcruntime:undname.obj
 0001:0001683e       ??0DName@@QAE@PAV0@@Z      1001783e f   libvcruntime:undname.obj
 0001:0001689e       ??0DName@@QAE@PBD@Z        1001789e f   libvcruntime:undname.obj
 0001:000168e6       ??0DName@@QAE@W4DNameStatus@@@Z 100178e6 f   libvcruntime:undname.obj
 0001:00016939       ??0DName@@QAE@XZ           10017939 f i libvcruntime:undname.obj
 0001:0001694e       ??0DName@@QAE@_J@Z         1001794e f   libvcruntime:undname.obj
 0001:00016a08       ??0DName@@QAE@_K@Z         10017a08 f   libvcruntime:undname.obj
 0001:00016a92       ??0DNameNode@@IAE@XZ       10017a92 f   libvcruntime:undname.obj
 0001:00016a9d       ??0DNameStatusNode@@AAE@W4DNameStatus@@@Z 10017a9d f   libvcruntime:undname.obj
 0001:00016ac8       ??0Replicator@@QAE@XZ      10017ac8 f i libvcruntime:undname.obj
 0001:00016ace       ??0UnDecorator@@QAE@PADPBDHP6APADJ@ZK@Z 10017ace f i libvcruntime:undname.obj
 0001:00016b51       ??0charNode@@QAE@D@Z       10017b51 f   libvcruntime:undname.obj
 0001:00016b6b       ??0pDNameNode@@QAE@PAVDName@@@Z 10017b6b f   libvcruntime:undname.obj
 0001:00016b9d       ??0pairNode@@QAE@PAVDNameNode@@0@Z 10017b9d f   libvcruntime:undname.obj
 0001:00016bc3       ??0pcharNode@@QAE@PBDH@Z   10017bc3 f   libvcruntime:undname.obj
 0001:00016c32       ??2@YAPAXIAAV_HeapManager@@H@Z 10017c32 f i libvcruntime:undname.obj
 0001:00016c4c       ??4DName@@QAEAAV0@ABV0@@Z  10017c4c f   libvcruntime:undname.obj
 0001:00016c67       ??4DName@@QAEAAV0@D@Z      10017c67 f i libvcruntime:undname.obj
 0001:00016c9e       ??4DName@@QAEAAV0@PAV0@@Z  10017c9e f   libvcruntime:undname.obj
 0001:00016cf9       ??4DName@@QAEAAV0@PBD@Z    10017cf9 f   libvcruntime:undname.obj
 0001:00016d37       ??4DName@@QAEAAV0@W4DNameStatus@@@Z 10017d37 f   libvcruntime:undname.obj
 0001:00016d79       ??AReplicator@@QBE?AVDName@@H@Z 10017d79 f   libvcruntime:undname.obj
 0001:00016dc4       ??BUnDecorator@@QAEPADXZ   10017dc4 f i libvcruntime:undname.obj
 0001:00016f9b       ??H@YA?AVDName@@DABV0@@Z   10017f9b f i libvcruntime:undname.obj
 0001:00016fc8       ??H@YA?AVDName@@PBDABV0@@Z 10017fc8 f i libvcruntime:undname.obj
 0001:00016ff5       ??H@YA?AVDName@@W4DNameStatus@@ABV0@@Z 10017ff5 f i libvcruntime:undname.obj
 0001:00017022       ??HDName@@QBE?AV0@ABV0@@Z  10018022 f   libvcruntime:undname.obj
 0001:0001704c       ??HDName@@QBE?AV0@D@Z      1001804c f   libvcruntime:undname.obj
 0001:00017076       ??HDName@@QBE?AV0@PAV0@@Z  10018076 f   libvcruntime:undname.obj
 0001:000170a0       ??HDName@@QBE?AV0@PBD@Z    100180a0 f   libvcruntime:undname.obj
 0001:000170ca       ??HDName@@QBE?AV0@W4DNameStatus@@@Z 100180ca f   libvcruntime:undname.obj
 0001:000170f4       ??YDName@@QAEAAV0@ABV0@@Z  100180f4 f   libvcruntime:undname.obj
 0001:00017147       ??YDName@@QAEAAV0@D@Z      10018147 f   libvcruntime:undname.obj
 0001:000171ab       ??YDName@@QAEAAV0@PAV0@@Z  100181ab f   libvcruntime:undname.obj
 0001:00017229       ??YDName@@QAEAAV0@PBD@Z    10018229 f   libvcruntime:undname.obj
 0001:000172a2       ??YDName@@QAEAAV0@W4DNameStatus@@@Z 100182a2 f   libvcruntime:undname.obj
 0001:000172f2       ??YReplicator@@QAEAAV0@ABVDName@@@Z 100182f2 f   libvcruntime:undname.obj
 0001:0001734e       ??_5DName@@QAEAAV0@ABV0@@Z 1001834e f   libvcruntime:undname.obj
 0001:00017371       ?Constructor@_HeapManager@@QAEXP6APAXI@ZP6AXPAX@Z@Z 10018371 f i libvcruntime:undname.obj
 0001:00017395       ?Destructor@_HeapManager@@QAEXXZ 10018395 f i libvcruntime:undname.obj
 0001:000173dc       ?UScore@UnDecorator@@SAPBDW4Tokens@@@Z 100183dc f   libvcruntime:undname.obj
 0001:00017400       ?append@DName@@AAEXPAVDNameNode@@@Z 10018400 f   libvcruntime:undname.obj
 0001:00017457       ?composeDeclaration@UnDecorator@@CA?AVDName@@ABV2@@Z 10018457 f i libvcruntime:undname.obj
 0001:00018492       ?doAccessSpecifiers@UnDecorator@@SAHXZ 10019492 f i libvcruntime:undname.obj
 0001:000184a3       ?doAllocationLanguage@UnDecorator@@SAHXZ 100194a3 f i libvcruntime:undname.obj
 0001:000184b4       ?doAllocationModel@UnDecorator@@SAHXZ 100194b4 f i libvcruntime:undname.obj
 0001:000184c5       ?doEcsu@UnDecorator@@SAHXZ 100194c5 f i libvcruntime:undname.obj
 0001:000184d6       ?doEllipsis@UnDecorator@@SAHXZ 100194d6 f i libvcruntime:undname.obj
 0001:000184e7       ?doFunctionReturns@UnDecorator@@SAHXZ 100194e7 f i libvcruntime:undname.obj
 0001:000184f8       ?doMSKeywords@UnDecorator@@SAHXZ 100194f8 f i libvcruntime:undname.obj
 0001:00018508       ?doMemberTypes@UnDecorator@@SAHXZ 10019508 f i libvcruntime:undname.obj
 0001:00018519       ?doNameOnly@UnDecorator@@SAHXZ 10019519 f i libvcruntime:undname.obj
 0001:00018526       ?doNoIdentCharCheck@UnDecorator@@SAHXZ 10019526 f i libvcruntime:undname.obj
 0001:00018533       ?doPchar@DName@@AAEXPBDH@Z 10019533 f   libvcruntime:undname.obj
 0001:000185df       ?doPtr64@UnDecorator@@SAHXZ 100195df f i libvcruntime:undname.obj
 0001:000185f0       ?doRestrictionSpec@UnDecorator@@SAHXZ 100195f0 f i libvcruntime:undname.obj
 0001:00018601       ?doThisTypes@UnDecorator@@SAHXZ 10019601 f i libvcruntime:undname.obj
 0001:00018617       ?doThrowTypes@UnDecorator@@SAHXZ 10019617 f i libvcruntime:undname.obj
 0001:00018628       ?doTypeOnly@UnDecorator@@SAHXZ 10019628 f i libvcruntime:undname.obj
 0001:00018635       ?doUnderScore@UnDecorator@@SAHXZ 10019635 f i libvcruntime:undname.obj
 0001:00018642       ?getArgumentList@UnDecorator@@CA?AVDName@@XZ 10019642 f   libvcruntime:undname.obj
 0001:00018791       ?getArgumentTypes@UnDecorator@@CA?AVDName@@XZ 10019791 f   libvcruntime:undname.obj
 0001:000188a9       ?getArrayType@UnDecorator@@CA?AVDName@@ABV2@@Z 100198a9 f i libvcruntime:undname.obj
 0001:00018b2b       ?getBasedType@UnDecorator@@CA?AVDName@@XZ 10019b2b f   libvcruntime:undname.obj
 0001:00018bea       ?getBasicDataType@UnDecorator@@CA?AVDName@@ABV2@@Z 10019bea f   libvcruntime:undname.obj
 0001:000190d4       ?getCallIndex@UnDecorator@@CA?AVDName@@XZ 1001a0d4 f i libvcruntime:undname.obj
 0001:000190ed       ?getCallingConvention@UnDecorator@@CA?AVDName@@XZ 1001a0ed f   libvcruntime:undname.obj
 0001:000191db       ?getDataIndirectType@UnDecorator@@CA?AVDName@@ABV2@PBD0H@Z 1001a1db f   libvcruntime:undname.obj
 0001:00019986       ?getDataIndirectType@UnDecorator@@CA?AVDName@@XZ 1001a986 f i libvcruntime:undname.obj
 0001:000199cd       ?getDataType@UnDecorator@@CA?AVDName@@PAV2@@Z 1001a9cd f   libvcruntime:undname.obj
 0001:00019ad3       ?getDecoratedName@UnDecorator@@CA?AVDName@@XZ 1001aad3 f   libvcruntime:undname.obj
 0001:00019db2       ?getDimension@UnDecorator@@CA?AVDName@@_N@Z 1001adb2 f   libvcruntime:undname.obj
 0001:00019f36       ?getDispatchTarget@UnDecorator@@CA?AVDName@@XZ 1001af36 f   libvcruntime:undname.obj
 0001:00019fa7       ?getDisplacement@UnDecorator@@CA?AVDName@@XZ 1001afa7 f i libvcruntime:undname.obj
 0001:00019fc0       ?getECSUDataType@UnDecorator@@CA?AVDName@@XZ 1001afc0 f   libvcruntime:undname.obj
 0001:0001a124       ?getECSUName@UnDecorator@@CA?AVDName@@XZ 1001b124 f i libvcruntime:undname.obj
 0001:0001a139       ?getEnumType@UnDecorator@@CA?AVDName@@XZ 1001b139 f i libvcruntime:undname.obj
 0001:0001a260       ?getExtendedDataIndirectType@UnDecorator@@CA?AVDName@@AAPBDAA_NH@Z 1001b260 f   libvcruntime:undname.obj
 0001:0001a473       ?getExternalDataType@UnDecorator@@CA?AVDName@@ABV2@@Z 1001b473 f i libvcruntime:undname.obj
 0001:0001a50a       ?getFunctionIndirectType@UnDecorator@@CA?AVDName@@ABV2@@Z 1001b50a f   libvcruntime:undname.obj
 0001:0001aa15       ?getGuardNumber@UnDecorator@@CA?AVDName@@XZ 1001ba15 f i libvcruntime:undname.obj
 0001:0001aa2e       ?getLastChar@DName@@QBEDXZ 1001ba2e f i libvcruntime:undname.obj
 0001:0001aa54       ?getLastChar@DNameStatusNode@@UBEDXZ 1001ba54 f i libvcruntime:undname.obj
 0001:0001aa63       ?getLastChar@charNode@@UBEDXZ 1001ba63 f i libvcruntime:undname.obj
 0001:0001aa67       ?getLastChar@pDNameNode@@UBEDXZ 1001ba67 f i libvcruntime:undname.obj
 0001:0001aa78       ?getLastChar@pairNode@@UBEDXZ 1001ba78 f i libvcruntime:undname.obj
 0001:0001aab7       ?getLastChar@pcharNode@@UBEDXZ 1001bab7 f i libvcruntime:undname.obj
 0001:0001aacd       ?getLexicalFrame@UnDecorator@@CA?AVDName@@XZ 1001bacd f i libvcruntime:undname.obj
 0001:0001ab19       ?getMemory@_HeapManager@@QAEPAXIH@Z 1001bb19 f   libvcruntime:undname.obj
 0001:0001abca       ?getNumberOfDimensions@UnDecorator@@CAHXZ 1001bbca f   libvcruntime:undname.obj
 0001:0001ac43       ?getOperatorName@UnDecorator@@CA?AVDName@@_NPA_N@Z 1001bc43 f i libvcruntime:undname.obj
 0001:0001b3f3       ?getPointerType@UnDecorator@@CA?AVDName@@ABV2@0@Z 1001c3f3 f i libvcruntime:undname.obj
 0001:0001b418       ?getPointerTypeArray@UnDecorator@@CA?AVDName@@ABV2@0@Z 1001c418 f i libvcruntime:undname.obj
 0001:0001b43d       ?getPrimaryDataType@UnDecorator@@CA?AVDName@@ABV2@@Z 1001c43d f   libvcruntime:undname.obj
 0001:0001b6ae       ?getPtrRefDataType@UnDecorator@@CA?AVDName@@ABV2@H@Z 1001c6ae f   libvcruntime:undname.obj
 0001:0001b7f0       ?getPtrRefType@UnDecorator@@CA?AVDName@@ABV2@0PBD@Z 1001c7f0 f   libvcruntime:undname.obj
 0001:0001b92b       ?getReferenceType@UnDecorator@@CA?AVDName@@ABV2@0PBD@Z 1001c92b f i libvcruntime:undname.obj
 0001:0001b94e       ?getRestrictionSpec@UnDecorator@@CA?AVDName@@XZ 1001c94e f   libvcruntime:undname.obj
 0001:0001ba7c       ?getReturnType@UnDecorator@@CA?AVDName@@PAV2@@Z 1001ca7c f   libvcruntime:undname.obj
 0001:0001bab6       ?getScope@UnDecorator@@CA?AVDName@@XZ 1001cab6 f   libvcruntime:undname.obj
 0001:0001bf8b       ?getScopedName@UnDecorator@@CA?AVDName@@XZ 1001cf8b f   libvcruntime:undname.obj
 0001:0001c0c4       ?getSignedDimension@UnDecorator@@CA?AVDName@@XZ 1001d0c4 f   libvcruntime:undname.obj
 0001:0001c12b       ?getStorageConvention@UnDecorator@@CA?AVDName@@XZ 1001d12b f i libvcruntime:undname.obj
 0001:0001c140       ?getString@DName@@QBEPADPAD0@Z 1001d140 f i libvcruntime:undname.obj
 0001:0001c177       ?getString@DName@@QBEPADPADH@Z 1001d177 f i libvcruntime:undname.obj
 0001:0001c1e2       ?getString@DNameStatusNode@@UBEPADPAD0@Z 1001d1e2 f i libvcruntime:undname.obj
 0001:0001c212       ?getString@charNode@@UBEPADPAD0@Z 1001d212 f i libvcruntime:undname.obj
 0001:0001c22c       ?getString@pDNameNode@@UBEPADPAD0@Z 1001d22c f i libvcruntime:undname.obj
 0001:0001c248       ?getString@pairNode@@UBEPADPAD0@Z 1001d248 f i libvcruntime:undname.obj
 0001:0001c29d       ?getString@pcharNode@@UBEPADPAD0@Z 1001d29d f i libvcruntime:undname.obj
 0001:0001c2be       ?getStringEncoding@UnDecorator@@CA?AVDName@@PADH@Z 1001d2be f   libvcruntime:undname.obj
 0001:0001c389       ?getStringHelper@@YAPADPAD00H@Z 1001d389 f i libvcruntime:undname.obj
 0001:0001c3cd       ?getSymbolName@UnDecorator@@CA?AVDName@@XZ 1001d3cd f i libvcruntime:undname.obj
 0001:0001c427       ?getTemplateArgumentList@UnDecorator@@CA?AVDName@@XZ 1001d427 f   libvcruntime:undname.obj
 0001:0001c774       ?getTemplateConstant@UnDecorator@@CA?AVDName@@XZ 1001d774 f   libvcruntime:undname.obj
 0001:0001cb89       ?getTemplateName@UnDecorator@@CA?AVDName@@_N@Z 1001db89 f   libvcruntime:undname.obj
 0001:0001cd34       ?getThisType@UnDecorator@@CA?AVDName@@XZ 1001dd34 f i libvcruntime:undname.obj
 0001:0001cd7c       ?getThrowTypes@UnDecorator@@CA?AVDName@@XZ 1001dd7c f   libvcruntime:undname.obj
 0001:0001ce28       ?getTypeEncoding@UnDecorator@@CAHXZ 1001de28 f i libvcruntime:undname.obj
 0001:0001d224       ?getVCallThunkType@UnDecorator@@CA?AVDName@@XZ 1001e224 f i libvcruntime:undname.obj
 0001:0001d26d       ?getVbTableType@UnDecorator@@CA?AVDName@@ABV2@@Z 1001e26d f i libvcruntime:undname.obj
 0001:0001d287       ?getVdispMapType@UnDecorator@@CA?AVDName@@ABV2@@Z 1001e287 f i libvcruntime:undname.obj
 0001:0001d2f2       ?getVfTableType@UnDecorator@@CA?AVDName@@ABV2@@Z 1001e2f2 f i libvcruntime:undname.obj
 0001:0001d4b0       ?getZName@UnDecorator@@CA?AVDName@@_N0@Z 1001e4b0 f   libvcruntime:undname.obj
 0001:0001d780       ?haveTemplateParameters@UnDecorator@@SAHXZ 1001e780 f i libvcruntime:undname.obj
 0001:0001d78d       ?isArray@DName@@QBEHXZ     1001e78d f i libvcruntime:undname.obj
 0001:0001d799       ?isComArray@DName@@QBEHXZ  1001e799 f i libvcruntime:undname.obj
 0001:0001d7a5       ?isEmpty@DName@@QBEHXZ     1001e7a5 f i libvcruntime:undname.obj
 0001:0001d7af       ?isFull@Replicator@@QBEHXZ 1001e7af f i libvcruntime:undname.obj
 0001:0001d7ba       ?isNoTE@DName@@QBEHXZ      1001e7ba f i libvcruntime:undname.obj
 0001:0001d7c6       ?isPinPtr@DName@@QBEHXZ    1001e7c6 f i libvcruntime:undname.obj
 0001:0001d7d2       ?isPtrRef@DName@@QBEHXZ    1001e7d2 f i libvcruntime:undname.obj
 0001:0001d7de       ?isUDC@DName@@QBEHXZ       1001e7de f i libvcruntime:undname.obj
 0001:0001d7f3       ?isUDTThunk@DName@@QBEHXZ  1001e7f3 f i libvcruntime:undname.obj
 0001:0001d808       ?isVCallThunk@DName@@QBEHXZ 1001e808 f i libvcruntime:undname.obj
 0001:0001d814       ?isValid@DName@@QBEHXZ     1001e814 f i libvcruntime:undname.obj
 0001:0001d820       ?length@DName@@QBEHXZ      1001e820 f i libvcruntime:undname.obj
 0001:0001d845       ?length@DNameStatusNode@@UBEHXZ 1001e845 f i libvcruntime:undname.obj
 0001:0001d849       ?length@charNode@@UBEHXZ   1001e849 f i libvcruntime:undname.obj
 0001:0001d84d       ?length@pDNameNode@@UBEHXZ 1001e84d f i libvcruntime:undname.obj
 0001:0001d85e       ?length@pairNode@@UBEHXZ   1001e85e f i libvcruntime:undname.obj
 0001:0001d8ba       ?length@pcharNode@@UBEHXZ  1001e8ba f i libvcruntime:undname.obj
 0001:0001d8be       ?make@DNameStatusNode@@SAPAV1@W4DNameStatus@@@Z 1001e8be f i libvcruntime:undname.obj
 0001:0001d965       ?setIsArray@DName@@QAEXXZ  1001e965 f i libvcruntime:undname.obj
 0001:0001d96f       ?setIsComArray@DName@@QAEXXZ 1001e96f f i libvcruntime:undname.obj
 0001:0001d979       ?setIsNoTE@DName@@QAEXXZ   1001e979 f i libvcruntime:undname.obj
 0001:0001d983       ?setIsPinPtr@DName@@QAEXXZ 1001e983 f i libvcruntime:undname.obj
 0001:0001d98d       ?setIsUDC@DName@@QAEXXZ    1001e98d f i libvcruntime:undname.obj
 0001:0001d99d       ?setIsVCallThunk@DName@@QAEXXZ 1001e99d f i libvcruntime:undname.obj
 0001:0001d9a7       ?setPtrRef@DName@@QAEAAV1@XZ 1001e9a7 f i libvcruntime:undname.obj
 0001:0001d9b3       ?status@DName@@QBE?AW4DNameStatus@@XZ 1001e9b3 f i libvcruntime:undname.obj
 0001:0001da38       ___unDName                 1001ea38 f   libvcruntime:undname.obj
 0001:0001daf2       ___unDNameEx               1001eaf2 f   libvcruntime:undname.obj
 0001:0001dbac       __vsprintf_s_l             1001ebac f i libvcruntime:undname.obj
 0001:0001dbe4       _sprintf_s                 1001ebe4 f i libvcruntime:undname.obj
 0001:0001dc10       __global_unwind2           1001ec10 f   libvcruntime:_exsup_.obj
 0001:0001dc75       __local_unwind2            1001ec75 f   libvcruntime:_exsup_.obj
 0001:0001dcf9       __abnormal_termination     1001ecf9 f   libvcruntime:_exsup_.obj
 0001:0001dd1c       __NLG_Notify1              1001ed1c f   libvcruntime:_exsup_.obj
 0001:0001dd25       __NLG_Notify               1001ed25 f   libvcruntime:_exsup_.obj
 0001:0001dd3c       __NLG_Dispatch             1001ed3c     libvcruntime:_exsup_.obj
 0001:0001dd3c       __NLG_Dispatch2            1001ed3c     libvcruntime:_exsup_.obj
 0001:0001dd44       __NLG_Call                 1001ed44 f   libvcruntime:_exsup_.obj
 0001:0001dd46       __NLG_Return2              1001ed46     libvcruntime:_exsup_.obj
 0001:0001dd94       ??$__crt_fast_decode_pointer@P6AXXZ@@YAP6AXXZQ6AXXZ@Z 1001ed94 f i libvcruntime:purevirt.obj
 0001:0001ddad       ??$__crt_interlocked_compare_exchange_pointer@$$A6AXXZ$$T$$T@@YAP6AXXZPDS6AXXZ$$T1@Z 1001edad f i libvcruntime:purevirt.obj
 0001:0001ddc3       ??$__crt_interlocked_exchange_pointer@$$A6AXXZP6AXXZ@@YAP6AXXZPDS6AXXZQ6AXXZ@Z 1001edc3 f i libvcruntime:purevirt.obj
 0001:0001ddd3       ??$__crt_interlocked_read_pointer@$$A6AXXZ@@YAP6AXXZPDS6AXXZ@Z 1001edd3 f i libvcruntime:purevirt.obj
 0001:0001dde7       __get_purecall_handler     1001ede7 f   libvcruntime:purevirt.obj
 0001:0001de0d       __purecall                 1001ee0d f   libvcruntime:purevirt.obj
 0001:0001de2e       __set_purecall_handler     1001ee2e f   libvcruntime:purevirt.obj
 0001:0001de5c       _malloc                    1001ee5c f   libucrt:malloc.obj
 0001:0001de69       ??$?RPAU__crt_stdio_stream_data@@@__crt_internal_free_policy@@QBEXQBQAU__crt_stdio_stream_data@@@Z 1001ee69 f i libucrt:_file.obj
 0001:0001de7f       ??0?$__crt_unique_heap_ptr@PAU__crt_stdio_stream_data@@U__crt_internal_free_policy@@@@QAE@QAPAU__crt_stdio_stream_data@@@Z 1001ee7f f i libucrt:_file.obj
 0001:0001de93       ??0__crt_stdio_stream@@QAE@QAU_iobuf@@@Z 1001ee93 f i libucrt:_file.obj
 0001:0001dea7       ??1?$__crt_unique_heap_ptr@PAU__crt_stdio_stream_data@@U__crt_internal_free_policy@@@@QAE@XZ 1001eea7 f i libucrt:_file.obj
 0001:0001debd       ??C__crt_stdio_stream@@QBEPAU__crt_stdio_stream_data@@XZ 1001eebd f i libucrt:_file.obj
 0001:0001dec0       ?detach@?$__crt_unique_heap_ptr@PAU__crt_stdio_stream_data@@U__crt_internal_free_policy@@@@QAEPAPAU__crt_stdio_stream_data@@XZ 1001eec0 f i libucrt:_file.obj
 0001:0001dec6       ?release@?$__crt_unique_heap_ptr@PAU__crt_stdio_stream_data@@U__crt_internal_free_policy@@@@QAEXXZ 1001eec6 f i libucrt:_file.obj
 0001:0001dedc       ___acrt_initialize_stdio   1001eedc f   libucrt:_file.obj
 0001:0001dfd6       ___acrt_iob_func           1001efd6 f   libucrt:_file.obj
 0001:0001dfea       ___acrt_uninitialize_stdio 1001efea f   libucrt:_file.obj
 0001:0001e049       __get_stream_buffer_pointers 1001f049 f   libucrt:_file.obj
 0001:0001e0a0       __lock_file                1001f0a0 f   libucrt:_file.obj
 0001:0001e0b9       __unlock_file              1001f0b9 f   libucrt:_file.obj
 0001:0001e0d2       ??$?0ABV?$stream_output_adapter@D@__crt_stdio_output@@AB_KABQBDABQAU__crt_locale_pointers@@ABQAD@?$format_validation_base@DV?$stream_output_adapter@D@__crt_stdio_output@@@__crt_stdio_output@@IAE@ABV?$stream_output_adapter@D@1@AB_KABQBDABQAU__crt_locale_pointers@@ABQAD@Z 1001f0d2 f i libucrt:output.obj
 0001:0001e0fd       ??$?0ABV?$stream_output_adapter@D@__crt_stdio_output@@AB_KABQBDABQAU__crt_locale_pointers@@ABQAD@?$positional_parameter_base@DV?$stream_output_adapter@D@__crt_stdio_output@@@__crt_stdio_output@@IAE@ABV?$stream_output_adapter@D@1@AB_KABQBDABQAU__crt_locale_pointers@@ABQAD@Z 1001f0fd f i libucrt:output.obj
 0001:0001e157       ??$?0ABV?$stream_output_adapter@D@__crt_stdio_output@@AB_KABQBDABQAU__crt_locale_pointers@@ABQAD@?$standard_base@DV?$stream_output_adapter@D@__crt_stdio_output@@@__crt_stdio_output@@IAE@ABV?$stream_output_adapter@D@1@AB_KABQBDABQAU__crt_locale_pointers@@ABQAD@Z 1001f157 f i libucrt:output.obj
 0001:0001e199       ??$?0ABV?$stream_output_adapter@_W@__crt_stdio_output@@AB_KABQB_WABQAU__crt_locale_pointers@@ABQAD@?$format_validation_base@_WV?$stream_output_adapter@_W@__crt_stdio_output@@@__crt_stdio_output@@IAE@ABV?$stream_output_adapter@_W@1@AB_KABQB_WABQAU__crt_locale_pointers@@ABQAD@Z 1001f199 f i libucrt:output.obj
 0001:0001e1c4       ??$?0ABV?$stream_output_adapter@_W@__crt_stdio_output@@AB_KABQB_WABQAU__crt_locale_pointers@@ABQAD@?$positional_parameter_base@_WV?$stream_output_adapter@_W@__crt_stdio_output@@@__crt_stdio_output@@IAE@ABV?$stream_output_adapter@_W@1@AB_KABQB_WABQAU__crt_locale_pointers@@ABQAD@Z 1001f1c4 f i libucrt:output.obj
 0001:0001e21e       ??$?0ABV?$stream_output_adapter@_W@__crt_stdio_output@@AB_KABQB_WABQAU__crt_locale_pointers@@ABQAD@?$standard_base@_WV?$stream_output_adapter@_W@__crt_stdio_output@@@__crt_stdio_output@@IAE@ABV?$stream_output_adapter@_W@1@AB_KABQB_WABQAU__crt_locale_pointers@@ABQAD@Z 1001f21e f i libucrt:output.obj
 0001:0001e260       ??$?0ABV?$string_output_adapter@D@__crt_stdio_output@@AB_KABQBDABQAU__crt_locale_pointers@@ABQAD@?$format_validation_base@DV?$string_output_adapter@D@__crt_stdio_output@@@__crt_stdio_output@@IAE@ABV?$string_output_adapter@D@1@AB_KABQBDABQAU__crt_locale_pointers@@ABQAD@Z 1001f260 f i libucrt:output.obj
 0001:0001e28b       ??$?0ABV?$string_output_adapter@D@__crt_stdio_output@@AB_KABQBDABQAU__crt_locale_pointers@@ABQAD@?$positional_parameter_base@DV?$string_output_adapter@D@__crt_stdio_output@@@__crt_stdio_output@@IAE@ABV?$string_output_adapter@D@1@AB_KABQBDABQAU__crt_locale_pointers@@ABQAD@Z 1001f28b f i libucrt:output.obj
 0001:0001e2e5       ??$?0ABV?$string_output_adapter@D@__crt_stdio_output@@AB_KABQBDABQAU__crt_locale_pointers@@ABQAD@?$standard_base@DV?$string_output_adapter@D@__crt_stdio_output@@@__crt_stdio_output@@IAE@ABV?$string_output_adapter@D@1@AB_KABQBDABQAU__crt_locale_pointers@@ABQAD@Z 1001f2e5 f i libucrt:output.obj
 0001:0001e327       ??$?0ABV?$string_output_adapter@_W@__crt_stdio_output@@AB_KABQB_WABQAU__crt_locale_pointers@@ABQAD@?$format_validation_base@_WV?$string_output_adapter@_W@__crt_stdio_output@@@__crt_stdio_output@@IAE@ABV?$string_output_adapter@_W@1@AB_KABQB_WABQAU__crt_locale_pointers@@ABQAD@Z 1001f327 f i libucrt:output.obj
 0001:0001e352       ??$?0ABV?$string_output_adapter@_W@__crt_stdio_output@@AB_KABQB_WABQAU__crt_locale_pointers@@ABQAD@?$positional_parameter_base@_WV?$string_output_adapter@_W@__crt_stdio_output@@@__crt_stdio_output@@IAE@ABV?$string_output_adapter@_W@1@AB_KABQB_WABQAU__crt_locale_pointers@@ABQAD@Z 1001f352 f i libucrt:output.obj
 0001:0001e3ac       ??$?0ABV?$string_output_adapter@_W@__crt_stdio_output@@AB_KABQB_WABQAU__crt_locale_pointers@@ABQAD@?$standard_base@_WV?$string_output_adapter@_W@__crt_stdio_output@@@__crt_stdio_output@@IAE@ABV?$string_output_adapter@_W@1@AB_KABQB_WABQAU__crt_locale_pointers@@ABQAD@Z 1001f3ac f i libucrt:output.obj
 0001:0001e3ee       ??$?RV<lambda_2293f24e3ce1ad6fe22ccfb9dec07671>@@AAV<lambda_2565fc715a641e539f44ad02d6823606>@@V<lambda_d3217f279b832965d9ca670dc2993570>@@@?$__crt_seh_guarded_call@H@@QAEH$$QAV<lambda_2293f24e3ce1ad6fe22ccfb9dec07671>@@AAV<lambda_2565fc715a641e539f44ad02d6823606>@@$$QAV<lambda_d3217f279b832965d9ca670dc2993570>@@@Z 1001f3ee f i libucrt:output.obj
 0001:0001e453       ??$?RV<lambda_4d4ac866be0fa3c441830420fabdd2cb>@@AAV<lambda_63a10c2dc8dbb9e4dd1890be52af7c93>@@V<lambda_002af9fa0f8fe472b648c51882d4fc32>@@@?$__crt_seh_guarded_call@H@@QAEH$$QAV<lambda_4d4ac866be0fa3c441830420fabdd2cb>@@AAV<lambda_63a10c2dc8dbb9e4dd1890be52af7c93>@@$$QAV<lambda_002af9fa0f8fe472b648c51882d4fc32>@@@Z 1001f453 f i libucrt:output.obj
 0001:0001e4b8       ??$?RV<lambda_5be909dfbae0a631386585770cd7b676>@@AAV<lambda_e516058a9c289d98c8ca9fea99247804>@@V<lambda_afe2e0cdc5e0ecf6f0d6f5e2f8985e38>@@@?$__crt_seh_guarded_call@H@@QAEH$$QAV<lambda_5be909dfbae0a631386585770cd7b676>@@AAV<lambda_e516058a9c289d98c8ca9fea99247804>@@$$QAV<lambda_afe2e0cdc5e0ecf6f0d6f5e2f8985e38>@@@Z 1001f4b8 f i libucrt:output.obj
 0001:0001e51d       ??$?RV<lambda_823d65812123d985753d53e2a8c25d20>@@AAV<lambda_0a97c9e57da7be065955385c79108ff2>@@V<lambda_4d2973f3ad2d226f00468307185dca1b>@@@?$__crt_seh_guarded_call@H@@QAEH$$QAV<lambda_823d65812123d985753d53e2a8c25d20>@@AAV<lambda_0a97c9e57da7be065955385c79108ff2>@@$$QAV<lambda_4d2973f3ad2d226f00468307185dca1b>@@@Z 1001f51d f i libucrt:output.obj
 0001:0001e582       ??$?RV<lambda_ab9923ffb5d694ec0d78876dd103e44f>@@AAV<lambda_481dd5778c961fbcd3b60b650e9b9dc4>@@V<lambda_7923d86c9e3f319b415918ec4b39749c>@@@?$__crt_seh_guarded_call@H@@QAEH$$QAV<lambda_ab9923ffb5d694ec0d78876dd103e44f>@@AAV<lambda_481dd5778c961fbcd3b60b650e9b9dc4>@@$$QAV<lambda_7923d86c9e3f319b415918ec4b39749c>@@@Z 1001f582 f i libucrt:output.obj
 0001:0001e5e7       ??$?RV<lambda_db08b09ef7aa9d4f8620ce68402612bc>@@AAV<lambda_4f2c1eaeead2a5fc776db5b62ea0fb9b>@@V<lambda_3ae262bc35d4ba6a3825c4f6bcaaf95c>@@@?$__crt_seh_guarded_call@H@@QAEH$$QAV<lambda_db08b09ef7aa9d4f8620ce68402612bc>@@AAV<lambda_4f2c1eaeead2a5fc776db5b62ea0fb9b>@@$$QAV<lambda_3ae262bc35d4ba6a3825c4f6bcaaf95c>@@@Z 1001f5e7 f i libucrt:output.obj
 0001:0001e64c       ??$__acrt_lock_stream_and_call@V<lambda_0a97c9e57da7be065955385c79108ff2>@@@@YAHQAU_iobuf@@$$QAV<lambda_0a97c9e57da7be065955385c79108ff2>@@@Z 1001f64c f i libucrt:output.obj
 0001:0001e67e       ??$__acrt_lock_stream_and_call@V<lambda_2565fc715a641e539f44ad02d6823606>@@@@YAHQAU_iobuf@@$$QAV<lambda_2565fc715a641e539f44ad02d6823606>@@@Z 1001f67e f i libucrt:output.obj
 0001:0001e6b0       ??$__acrt_lock_stream_and_call@V<lambda_481dd5778c961fbcd3b60b650e9b9dc4>@@@@YAHQAU_iobuf@@$$QAV<lambda_481dd5778c961fbcd3b60b650e9b9dc4>@@@Z 1001f6b0 f i libucrt:output.obj
 0001:0001e6e2       ??$__acrt_lock_stream_and_call@V<lambda_4f2c1eaeead2a5fc776db5b62ea0fb9b>@@@@YAHQAU_iobuf@@$$QAV<lambda_4f2c1eaeead2a5fc776db5b62ea0fb9b>@@@Z 1001f6e2 f i libucrt:output.obj
 0001:0001e714       ??$__acrt_lock_stream_and_call@V<lambda_63a10c2dc8dbb9e4dd1890be52af7c93>@@@@YAHQAU_iobuf@@$$QAV<lambda_63a10c2dc8dbb9e4dd1890be52af7c93>@@@Z 1001f714 f i libucrt:output.obj
 0001:0001e746       ??$__acrt_lock_stream_and_call@V<lambda_e516058a9c289d98c8ca9fea99247804>@@@@YAHQAU_iobuf@@$$QAV<lambda_e516058a9c289d98c8ca9fea99247804>@@@Z 1001f746 f i libucrt:output.obj
 0001:0001e778       ??$__crt_interlocked_read@J@@YAJPDJ@Z 1001f778 f i libucrt:output.obj
 0001:0001f9c3       ??$count@D@formatting_buffer@__crt_stdio_output@@QBEIXZ 100209c3 f i libucrt:output.obj
 0001:0001f9e1       ??$data@D@formatting_buffer@__crt_stdio_output@@QAEPADXZ 100209e1 f i libucrt:output.obj
 0001:0001f9f1       ??$data@_W@formatting_buffer@__crt_stdio_output@@QAEPA_WXZ 100209f1 f i libucrt:output.obj
 0001:0001fa01       ??$ensure_buffer_is_big_enough@D@formatting_buffer@__crt_stdio_output@@QAE_NI@Z 10020a01 f i libucrt:output.obj
 0001:0001faa8       ??$extract_argument_from_va_list@C_J@?$positional_parameter_base@DV?$stream_output_adapter@D@__crt_stdio_output@@@__crt_stdio_output@@IAE_NAA_J@Z 10020aa8 f i libucrt:output.obj
 0001:0001fb46       ??$extract_argument_from_va_list@C_J@?$positional_parameter_base@DV?$string_output_adapter@D@__crt_stdio_output@@@__crt_stdio_output@@IAE_NAA_J@Z 10020b46 f i libucrt:output.obj
 0001:0001fbe4       ??$extract_argument_from_va_list@C_J@?$positional_parameter_base@_WV?$stream_output_adapter@_W@__crt_stdio_output@@@__crt_stdio_output@@IAE_NAA_J@Z 10020be4 f i libucrt:output.obj
 0001:0001fc82       ??$extract_argument_from_va_list@C_J@?$positional_parameter_base@_WV?$string_output_adapter@_W@__crt_stdio_output@@@__crt_stdio_output@@IAE_NAA_J@Z 10020c82 f i libucrt:output.obj
 0001:0001fd20       ??$extract_argument_from_va_list@C_J@?$standard_base@DV?$stream_output_adapter@D@__crt_stdio_output@@@__crt_stdio_output@@IAE_NAA_J@Z 10020d20 f i libucrt:output.obj
 0001:0001fd46       ??$extract_argument_from_va_list@C_J@?$standard_base@DV?$string_output_adapter@D@__crt_stdio_output@@@__crt_stdio_output@@IAE_NAA_J@Z 10020d46 f i libucrt:output.obj
 0001:0001fd6c       ??$extract_argument_from_va_list@C_J@?$standard_base@_WV?$stream_output_adapter@_W@__crt_stdio_output@@@__crt_stdio_output@@IAE_NAA_J@Z 10020d6c f i libucrt:output.obj
 0001:0001fd92       ??$extract_argument_from_va_list@C_J@?$standard_base@_WV?$string_output_adapter@_W@__crt_stdio_output@@@__crt_stdio_output@@IAE_NAA_J@Z 10020d92 f i libucrt:output.obj
 0001:0001fdb8       ??$extract_argument_from_va_list@E_J@?$positional_parameter_base@DV?$stream_output_adapter@D@__crt_stdio_output@@@__crt_stdio_output@@IAE_NAA_J@Z 10020db8 f i libucrt:output.obj
 0001:0001fe56       ??$extract_argument_from_va_list@E_J@?$positional_parameter_base@DV?$string_output_adapter@D@__crt_stdio_output@@@__crt_stdio_output@@IAE_NAA_J@Z 10020e56 f i libucrt:output.obj
 0001:0001fef4       ??$extract_argument_from_va_list@E_J@?$positional_parameter_base@_WV?$stream_output_adapter@_W@__crt_stdio_output@@@__crt_stdio_output@@IAE_NAA_J@Z 10020ef4 f i libucrt:output.obj
 0001:0001ff92       ??$extract_argument_from_va_list@E_J@?$positional_parameter_base@_WV?$string_output_adapter@_W@__crt_stdio_output@@@__crt_stdio_output@@IAE_NAA_J@Z 10020f92 f i libucrt:output.obj
 0001:00020030       ??$extract_argument_from_va_list@E_J@?$standard_base@DV?$stream_output_adapter@D@__crt_stdio_output@@@__crt_stdio_output@@IAE_NAA_J@Z 10021030 f i libucrt:output.obj
 0001:00020056       ??$extract_argument_from_va_list@E_J@?$standard_base@DV?$string_output_adapter@D@__crt_stdio_output@@@__crt_stdio_output@@IAE_NAA_J@Z 10021056 f i libucrt:output.obj
 0001:0002007c       ??$extract_argument_from_va_list@E_J@?$standard_base@_WV?$stream_output_adapter@_W@__crt_stdio_output@@@__crt_stdio_output@@IAE_NAA_J@Z 1002107c f i libucrt:output.obj
 0001:000200a2       ??$extract_argument_from_va_list@E_J@?$standard_base@_WV?$string_output_adapter@_W@__crt_stdio_output@@@__crt_stdio_output@@IAE_NAA_J@Z 100210a2 f i libucrt:output.obj
 0001:000200c8       ??$extract_argument_from_va_list@F_J@?$positional_parameter_base@DV?$stream_output_adapter@D@__crt_stdio_output@@@__crt_stdio_output@@IAE_NAA_J@Z 100210c8 f i libucrt:output.obj
 0001:00020166       ??$extract_argument_from_va_list@F_J@?$positional_parameter_base@DV?$string_output_adapter@D@__crt_stdio_output@@@__crt_stdio_output@@IAE_NAA_J@Z 10021166 f i libucrt:output.obj
 0001:00020204       ??$extract_argument_from_va_list@F_J@?$positional_parameter_base@_WV?$stream_output_adapter@_W@__crt_stdio_output@@@__crt_stdio_output@@IAE_NAA_J@Z 10021204 f i libucrt:output.obj
 0001:000202a2       ??$extract_argument_from_va_list@F_J@?$positional_parameter_base@_WV?$string_output_adapter@_W@__crt_stdio_output@@@__crt_stdio_output@@IAE_NAA_J@Z 100212a2 f i libucrt:output.obj
 0001:00020340       ??$extract_argument_from_va_list@F_J@?$standard_base@DV?$stream_output_adapter@D@__crt_stdio_output@@@__crt_stdio_output@@IAE_NAA_J@Z 10021340 f i libucrt:output.obj
 0001:00020366       ??$extract_argument_from_va_list@F_J@?$standard_base@DV?$string_output_adapter@D@__crt_stdio_output@@@__crt_stdio_output@@IAE_NAA_J@Z 10021366 f i libucrt:output.obj
 0001:0002038c       ??$extract_argument_from_va_list@F_J@?$standard_base@_WV?$stream_output_adapter@_W@__crt_stdio_output@@@__crt_stdio_output@@IAE_NAA_J@Z 1002138c f i libucrt:output.obj
 0001:000203b2       ??$extract_argument_from_va_list@F_J@?$standard_base@_WV?$string_output_adapter@_W@__crt_stdio_output@@@__crt_stdio_output@@IAE_NAA_J@Z 100213b2 f i libucrt:output.obj
 0001:000203d8       ??$extract_argument_from_va_list@GD@?$positional_parameter_base@DV?$stream_output_adapter@D@__crt_stdio_output@@@__crt_stdio_output@@IAE_NAAD@Z 100213d8 f i libucrt:output.obj
 0001:00020475       ??$extract_argument_from_va_list@GD@?$positional_parameter_base@DV?$string_output_adapter@D@__crt_stdio_output@@@__crt_stdio_output@@IAE_NAAD@Z 10021475 f i libucrt:output.obj
 0001:00020512       ??$extract_argument_from_va_list@GD@?$standard_base@DV?$stream_output_adapter@D@__crt_stdio_output@@@__crt_stdio_output@@IAE_NAAD@Z 10021512 f i libucrt:output.obj
 0001:00020532       ??$extract_argument_from_va_list@GD@?$standard_base@DV?$string_output_adapter@D@__crt_stdio_output@@@__crt_stdio_output@@IAE_NAAD@Z 10021532 f i libucrt:output.obj
 0001:00020552       ??$extract_argument_from_va_list@G_J@?$positional_parameter_base@DV?$stream_output_adapter@D@__crt_stdio_output@@@__crt_stdio_output@@IAE_NAA_J@Z 10021552 f i libucrt:output.obj
 0001:000205f0       ??$extract_argument_from_va_list@G_J@?$positional_parameter_base@DV?$string_output_adapter@D@__crt_stdio_output@@@__crt_stdio_output@@IAE_NAA_J@Z 100215f0 f i libucrt:output.obj
 0001:0002068e       ??$extract_argument_from_va_list@G_J@?$positional_parameter_base@_WV?$stream_output_adapter@_W@__crt_stdio_output@@@__crt_stdio_output@@IAE_NAA_J@Z 1002168e f i libucrt:output.obj
 0001:0002072c       ??$extract_argument_from_va_list@G_J@?$positional_parameter_base@_WV?$string_output_adapter@_W@__crt_stdio_output@@@__crt_stdio_output@@IAE_NAA_J@Z 1002172c f i libucrt:output.obj
 0001:000207ca       ??$extract_argument_from_va_list@G_J@?$standard_base@DV?$stream_output_adapter@D@__crt_stdio_output@@@__crt_stdio_output@@IAE_NAA_J@Z 100217ca f i libucrt:output.obj
 0001:000207f0       ??$extract_argument_from_va_list@G_J@?$standard_base@DV?$string_output_adapter@D@__crt_stdio_output@@@__crt_stdio_output@@IAE_NAA_J@Z 100217f0 f i libucrt:output.obj
 0001:00020816       ??$extract_argument_from_va_list@G_J@?$standard_base@_WV?$stream_output_adapter@_W@__crt_stdio_output@@@__crt_stdio_output@@IAE_NAA_J@Z 10021816 f i libucrt:output.obj
 0001:0002083c       ??$extract_argument_from_va_list@G_J@?$standard_base@_WV?$string_output_adapter@_W@__crt_stdio_output@@@__crt_stdio_output@@IAE_NAA_J@Z 1002183c f i libucrt:output.obj
 0001:00020862       ??$extract_argument_from_va_list@H_J@?$positional_parameter_base@DV?$stream_output_adapter@D@__crt_stdio_output@@@__crt_stdio_output@@IAE_NAA_J@Z 10021862 f i libucrt:output.obj
 0001:000208fe       ??$extract_argument_from_va_list@H_J@?$positional_parameter_base@DV?$string_output_adapter@D@__crt_stdio_output@@@__crt_stdio_output@@IAE_NAA_J@Z 100218fe f i libucrt:output.obj
 0001:0002099a       ??$extract_argument_from_va_list@H_J@?$positional_parameter_base@_WV?$stream_output_adapter@_W@__crt_stdio_output@@@__crt_stdio_output@@IAE_NAA_J@Z 1002199a f i libucrt:output.obj
 0001:00020a36       ??$extract_argument_from_va_list@H_J@?$positional_parameter_base@_WV?$string_output_adapter@_W@__crt_stdio_output@@@__crt_stdio_output@@IAE_NAA_J@Z 10021a36 f i libucrt:output.obj
 0001:00020ad2       ??$extract_argument_from_va_list@H_J@?$standard_base@DV?$stream_output_adapter@D@__crt_stdio_output@@@__crt_stdio_output@@IAE_NAA_J@Z 10021ad2 f i libucrt:output.obj
 0001:00020af7       ??$extract_argument_from_va_list@H_J@?$standard_base@DV?$string_output_adapter@D@__crt_stdio_output@@@__crt_stdio_output@@IAE_NAA_J@Z 10021af7 f i libucrt:output.obj
 0001:00020b1c       ??$extract_argument_from_va_list@H_J@?$standard_base@_WV?$stream_output_adapter@_W@__crt_stdio_output@@@__crt_stdio_output@@IAE_NAA_J@Z 10021b1c f i libucrt:output.obj
 0001:00020b41       ??$extract_argument_from_va_list@H_J@?$standard_base@_WV?$string_output_adapter@_W@__crt_stdio_output@@@__crt_stdio_output@@IAE_NAA_J@Z 10021b41 f i libucrt:output.obj
 0001:00020b66       ??$extract_argument_from_va_list@I_J@?$positional_parameter_base@DV?$stream_output_adapter@D@__crt_stdio_output@@@__crt_stdio_output@@IAE_NAA_J@Z 10021b66 f i libucrt:output.obj
 0001:00020c0d       ??$extract_argument_from_va_list@I_J@?$positional_parameter_base@DV?$string_output_adapter@D@__crt_stdio_output@@@__crt_stdio_output@@IAE_NAA_J@Z 10021c0d f i libucrt:output.obj
 0001:00020cb4       ??$extract_argument_from_va_list@I_J@?$positional_parameter_base@_WV?$stream_output_adapter@_W@__crt_stdio_output@@@__crt_stdio_output@@IAE_NAA_J@Z 10021cb4 f i libucrt:output.obj
 0001:00020d5b       ??$extract_argument_from_va_list@I_J@?$positional_parameter_base@_WV?$string_output_adapter@_W@__crt_stdio_output@@@__crt_stdio_output@@IAE_NAA_J@Z 10021d5b f i libucrt:output.obj
 0001:00020e02       ??$extract_argument_from_va_list@I_J@?$standard_base@DV?$stream_output_adapter@D@__crt_stdio_output@@@__crt_stdio_output@@IAE_NAA_J@Z 10021e02 f i libucrt:output.obj
 0001:00020e27       ??$extract_argument_from_va_list@I_J@?$standard_base@DV?$string_output_adapter@D@__crt_stdio_output@@@__crt_stdio_output@@IAE_NAA_J@Z 10021e27 f i libucrt:output.obj
 0001:00020e4c       ??$extract_argument_from_va_list@I_J@?$standard_base@_WV?$stream_output_adapter@_W@__crt_stdio_output@@@__crt_stdio_output@@IAE_NAA_J@Z 10021e4c f i libucrt:output.obj
 0001:00020e71       ??$extract_argument_from_va_list@I_J@?$standard_base@_WV?$string_output_adapter@_W@__crt_stdio_output@@@__crt_stdio_output@@IAE_NAA_J@Z 10021e71 f i libucrt:output.obj
 0001:00020e96       ??$extract_argument_from_va_list@PADPAD@?$positional_parameter_base@DV?$stream_output_adapter@D@__crt_stdio_output@@@__crt_stdio_output@@IAE_NAAPAD@Z 10021e96 f i libucrt:output.obj
 0001:00020f33       ??$extract_argument_from_va_list@PADPAD@?$positional_parameter_base@DV?$string_output_adapter@D@__crt_stdio_output@@@__crt_stdio_output@@IAE_NAAPAD@Z 10021f33 f i libucrt:output.obj
 0001:00020fd0       ??$extract_argument_from_va_list@PADPAD@?$positional_parameter_base@_WV?$stream_output_adapter@_W@__crt_stdio_output@@@__crt_stdio_output@@IAE_NAAPAD@Z 10021fd0 f i libucrt:output.obj
 0001:0002106d       ??$extract_argument_from_va_list@PADPAD@?$positional_parameter_base@_WV?$string_output_adapter@_W@__crt_stdio_output@@@__crt_stdio_output@@IAE_NAAPAD@Z 1002206d f i libucrt:output.obj
 0001:0002110a       ??$extract_argument_from_va_list@PADPAD@?$standard_base@DV?$stream_output_adapter@D@__crt_stdio_output@@@__crt_stdio_output@@IAE_NAAPAD@Z 1002210a f i libucrt:output.obj
 0001:0002112a       ??$extract_argument_from_va_list@PADPAD@?$standard_base@DV?$string_output_adapter@D@__crt_stdio_output@@@__crt_stdio_output@@IAE_NAAPAD@Z 1002212a f i libucrt:output.obj
 0001:0002114a       ??$extract_argument_from_va_list@PADPAD@?$standard_base@_WV?$stream_output_adapter@_W@__crt_stdio_output@@@__crt_stdio_output@@IAE_NAAPAD@Z 1002214a f i libucrt:output.obj
 0001:0002116a       ??$extract_argument_from_va_list@PADPAD@?$standard_base@_WV?$string_output_adapter@_W@__crt_stdio_output@@@__crt_stdio_output@@IAE_NAAPAD@Z 1002216a f i libucrt:output.obj
 0001:0002118a       ??$extract_argument_from_va_list@PAUansi_string@?1??type_case_Z@?$output_processor@DV?$stream_output_adapter@D@__crt_stdio_output@@V?$format_validation_base@DV?$stream_output_adapter@D@__crt_stdio_output@@@2@@__crt_stdio_output@@AAE_NXZ@PAU1?1??234@AAE_NXZ@@?$standard_base@DV?$stream_output_adapter@D@__crt_stdio_output@@@__crt_stdio_output@@IAE_NAAPAUansi_string@?1??type_case_Z@?$output_processor@DV?$stream_output_adapter@D@__crt_stdio_output@@V?$format_validation_base@DV?$stream_output_adapter@D@__crt_stdio_output@@@2@@1@AAE_NXZ@@Z 1002218a f i libucrt:output.obj
 0001:000211aa       ??$extract_argument_from_va_list@PAUansi_string@?1??type_case_Z@?$output_processor@DV?$stream_output_adapter@D@__crt_stdio_output@@V?$positional_parameter_base@DV?$stream_output_adapter@D@__crt_stdio_output@@@2@@__crt_stdio_output@@AAE_NXZ@PAU1?1??234@AAE_NXZ@@?$positional_parameter_base@DV?$stream_output_adapter@D@__crt_stdio_output@@@__crt_stdio_output@@IAE_NAAPAUansi_string@?1??type_case_Z@?$output_processor@DV?$stream_output_adapter@D@__crt_stdio_output@@V?$positional_parameter_base@DV?$stream_output_adapter@D@__crt_stdio_output@@@2@@1@AAE_NXZ@@Z 100221aa f i libucrt:output.obj
 0001:00021247       ??$extract_argument_from_va_list@PAUansi_string@?1??type_case_Z@?$output_processor@DV?$stream_output_adapter@D@__crt_stdio_output@@V?$positional_parameter_base@DV?$stream_output_adapter@D@__crt_stdio_output@@@2@@__crt_stdio_output@@AAE_NXZ@PAU1?1??234@AAE_NXZ@@?$standard_base@DV?$stream_output_adapter@D@__crt_stdio_output@@@__crt_stdio_output@@IAE_NAAPAUansi_string@?1??type_case_Z@?$output_processor@DV?$stream_output_adapter@D@__crt_stdio_output@@V?$positional_parameter_base@DV?$stream_output_adapter@D@__crt_stdio_output@@@2@@1@AAE_NXZ@@Z 10022247 f i libucrt:output.obj
 0001:00021267       ??$extract_argument_from_va_list@PAUansi_string@?1??type_case_Z@?$output_processor@DV?$stream_output_adapter@D@__crt_stdio_output@@V?$standard_base@DV?$stream_output_adapter@D@__crt_stdio_output@@@2@@__crt_stdio_output@@AAE_NXZ@PAU1?1??234@AAE_NXZ@@?$standard_base@DV?$stream_output_adapter@D@__crt_stdio_output@@@__crt_stdio_output@@IAE_NAAPAUansi_string@?1??type_case_Z@?$output_processor@DV?$stream_output_adapter@D@__crt_stdio_output@@V?$standard_base@DV?$stream_output_adapter@D@__crt_stdio_output@@@2@@1@AAE_NXZ@@Z 10022267 f i libucrt:output.obj
 0001:00021287       ??$extract_argument_from_va_list@PAUansi_string@?1??type_case_Z@?$output_processor@DV?$string_output_adapter@D@__crt_stdio_output@@V?$format_validation_base@DV?$string_output_adapter@D@__crt_stdio_output@@@2@@__crt_stdio_output@@AAE_NXZ@PAU1?1??234@AAE_NXZ@@?$standard_base@DV?$string_output_adapter@D@__crt_stdio_output@@@__crt_stdio_output@@IAE_NAAPAUansi_string@?1??type_case_Z@?$output_processor@DV?$string_output_adapter@D@__crt_stdio_output@@V?$format_validation_base@DV?$string_output_adapter@D@__crt_stdio_output@@@2@@1@AAE_NXZ@@Z 10022287 f i libucrt:output.obj
 0001:000212a7       ??$extract_argument_from_va_list@PAUansi_string@?1??type_case_Z@?$output_processor@DV?$string_output_adapter@D@__crt_stdio_output@@V?$positional_parameter_base@DV?$string_output_adapter@D@__crt_stdio_output@@@2@@__crt_stdio_output@@AAE_NXZ@PAU1?1??234@AAE_NXZ@@?$positional_parameter_base@DV?$string_output_adapter@D@__crt_stdio_output@@@__crt_stdio_output@@IAE_NAAPAUansi_string@?1??type_case_Z@?$output_processor@DV?$string_output_adapter@D@__crt_stdio_output@@V?$positional_parameter_base@DV?$string_output_adapter@D@__crt_stdio_output@@@2@@1@AAE_NXZ@@Z 100222a7 f i libucrt:output.obj
 0001:00021344       ??$extract_argument_from_va_list@PAUansi_string@?1??type_case_Z@?$output_processor@DV?$string_output_adapter@D@__crt_stdio_output@@V?$positional_parameter_base@DV?$string_output_adapter@D@__crt_stdio_output@@@2@@__crt_stdio_output@@AAE_NXZ@PAU1?1??234@AAE_NXZ@@?$standard_base@DV?$string_output_adapter@D@__crt_stdio_output@@@__crt_stdio_output@@IAE_NAAPAUansi_string@?1??type_case_Z@?$output_processor@DV?$string_output_adapter@D@__crt_stdio_output@@V?$positional_parameter_base@DV?$string_output_adapter@D@__crt_stdio_output@@@2@@1@AAE_NXZ@@Z 10022344 f i libucrt:output.obj
 0001:00021364       ??$extract_argument_from_va_list@PAUansi_string@?1??type_case_Z@?$output_processor@DV?$string_output_adapter@D@__crt_stdio_output@@V?$standard_base@DV?$string_output_adapter@D@__crt_stdio_output@@@2@@__crt_stdio_output@@AAE_NXZ@PAU1?1??234@AAE_NXZ@@?$standard_base@DV?$string_output_adapter@D@__crt_stdio_output@@@__crt_stdio_output@@IAE_NAAPAUansi_string@?1??type_case_Z@?$output_processor@DV?$string_output_adapter@D@__crt_stdio_output@@V?$standard_base@DV?$string_output_adapter@D@__crt_stdio_output@@@2@@1@AAE_NXZ@@Z 10022364 f i libucrt:output.obj
 0001:00021384       ??$extract_argument_from_va_list@PAUansi_string@?1??type_case_Z@?$output_processor@_WV?$stream_output_adapter@_W@__crt_stdio_output@@V?$format_validation_base@_WV?$stream_output_adapter@_W@__crt_stdio_output@@@2@@__crt_stdio_output@@AAE_NXZ@PAU1?1??234@AAE_NXZ@@?$standard_base@_WV?$stream_output_adapter@_W@__crt_stdio_output@@@__crt_stdio_output@@IAE_NAAPAUansi_string@?1??type_case_Z@?$output_processor@_WV?$stream_output_adapter@_W@__crt_stdio_output@@V?$format_validation_base@_WV?$stream_output_adapter@_W@__crt_stdio_output@@@2@@1@AAE_NXZ@@Z 10022384 f i libucrt:output.obj
 0001:000213a4       ??$extract_argument_from_va_list@PAUansi_string@?1??type_case_Z@?$output_processor@_WV?$stream_output_adapter@_W@__crt_stdio_output@@V?$positional_parameter_base@_WV?$stream_output_adapter@_W@__crt_stdio_output@@@2@@__crt_stdio_output@@AAE_NXZ@PAU1?1??234@AAE_NXZ@@?$positional_parameter_base@_WV?$stream_output_adapter@_W@__crt_stdio_output@@@__crt_stdio_output@@IAE_NAAPAUansi_string@?1??type_case_Z@?$output_processor@_WV?$stream_output_adapter@_W@__crt_stdio_output@@V?$positional_parameter_base@_WV?$stream_output_adapter@_W@__crt_stdio_output@@@2@@1@AAE_NXZ@@Z 100223a4 f i libucrt:output.obj
 0001:00021441       ??$extract_argument_from_va_list@PAUansi_string@?1??type_case_Z@?$output_processor@_WV?$stream_output_adapter@_W@__crt_stdio_output@@V?$positional_parameter_base@_WV?$stream_output_adapter@_W@__crt_stdio_output@@@2@@__crt_stdio_output@@AAE_NXZ@PAU1?1??234@AAE_NXZ@@?$standard_base@_WV?$stream_output_adapter@_W@__crt_stdio_output@@@__crt_stdio_output@@IAE_NAAPAUansi_string@?1??type_case_Z@?$output_processor@_WV?$stream_output_adapter@_W@__crt_stdio_output@@V?$positional_parameter_base@_WV?$stream_output_adapter@_W@__crt_stdio_output@@@2@@1@AAE_NXZ@@Z 10022441 f i libucrt:output.obj
 0001:00021461       ??$extract_argument_from_va_list@PAUansi_string@?1??type_case_Z@?$output_processor@_WV?$stream_output_adapter@_W@__crt_stdio_output@@V?$standard_base@_WV?$stream_output_adapter@_W@__crt_stdio_output@@@2@@__crt_stdio_output@@AAE_NXZ@PAU1?1??234@AAE_NXZ@@?$standard_base@_WV?$stream_output_adapter@_W@__crt_stdio_output@@@__crt_stdio_output@@IAE_NAAPAUansi_string@?1??type_case_Z@?$output_processor@_WV?$stream_output_adapter@_W@__crt_stdio_output@@V?$standard_base@_WV?$stream_output_adapter@_W@__crt_stdio_output@@@2@@1@AAE_NXZ@@Z 10022461 f i libucrt:output.obj
 0001:00021481       ??$extract_argument_from_va_list@PAUansi_string@?1??type_case_Z@?$output_processor@_WV?$string_output_adapter@_W@__crt_stdio_output@@V?$format_validation_base@_WV?$string_output_adapter@_W@__crt_stdio_output@@@2@@__crt_stdio_output@@AAE_NXZ@PAU1?1??234@AAE_NXZ@@?$standard_base@_WV?$string_output_adapter@_W@__crt_stdio_output@@@__crt_stdio_output@@IAE_NAAPAUansi_string@?1??type_case_Z@?$output_processor@_WV?$string_output_adapter@_W@__crt_stdio_output@@V?$format_validation_base@_WV?$string_output_adapter@_W@__crt_stdio_output@@@2@@1@AAE_NXZ@@Z 10022481 f i libucrt:output.obj
 0001:000214a1       ??$extract_argument_from_va_list@PAUansi_string@?1??type_case_Z@?$output_processor@_WV?$string_output_adapter@_W@__crt_stdio_output@@V?$positional_parameter_base@_WV?$string_output_adapter@_W@__crt_stdio_output@@@2@@__crt_stdio_output@@AAE_NXZ@PAU1?1??234@AAE_NXZ@@?$positional_parameter_base@_WV?$string_output_adapter@_W@__crt_stdio_output@@@__crt_stdio_output@@IAE_NAAPAUansi_string@?1??type_case_Z@?$output_processor@_WV?$string_output_adapter@_W@__crt_stdio_output@@V?$positional_parameter_base@_WV?$string_output_adapter@_W@__crt_stdio_output@@@2@@1@AAE_NXZ@@Z 100224a1 f i libucrt:output.obj
 0001:0002153e       ??$extract_argument_from_va_list@PAUansi_string@?1??type_case_Z@?$output_processor@_WV?$string_output_adapter@_W@__crt_stdio_output@@V?$positional_parameter_base@_WV?$string_output_adapter@_W@__crt_stdio_output@@@2@@__crt_stdio_output@@AAE_NXZ@PAU1?1??234@AAE_NXZ@@?$standard_base@_WV?$string_output_adapter@_W@__crt_stdio_output@@@__crt_stdio_output@@IAE_NAAPAUansi_string@?1??type_case_Z@?$output_processor@_WV?$string_output_adapter@_W@__crt_stdio_output@@V?$positional_parameter_base@_WV?$string_output_adapter@_W@__crt_stdio_output@@@2@@1@AAE_NXZ@@Z 1002253e f i libucrt:output.obj
 0001:0002155e       ??$extract_argument_from_va_list@PAUansi_string@?1??type_case_Z@?$output_processor@_WV?$string_output_adapter@_W@__crt_stdio_output@@V?$standard_base@_WV?$string_output_adapter@_W@__crt_stdio_output@@@2@@__crt_stdio_output@@AAE_NXZ@PAU1?1??234@AAE_NXZ@@?$standard_base@_WV?$string_output_adapter@_W@__crt_stdio_output@@@__crt_stdio_output@@IAE_NAAPAUansi_string@?1??type_case_Z@?$output_processor@_WV?$string_output_adapter@_W@__crt_stdio_output@@V?$standard_base@_WV?$string_output_adapter@_W@__crt_stdio_output@@@2@@1@AAE_NXZ@@Z 1002255e f i libucrt:output.obj
 0001:0002157e       ??$extract_argument_from_va_list@PAXPAX@?$positional_parameter_base@DV?$stream_output_adapter@D@__crt_stdio_output@@@__crt_stdio_output@@IAE_NAAPAX@Z 1002257e f i libucrt:output.obj
 0001:0002161b       ??$extract_argument_from_va_list@PAXPAX@?$positional_parameter_base@DV?$string_output_adapter@D@__crt_stdio_output@@@__crt_stdio_output@@IAE_NAAPAX@Z 1002261b f i libucrt:output.obj
 0001:000216b8       ??$extract_argument_from_va_list@PAXPAX@?$positional_parameter_base@_WV?$stream_output_adapter@_W@__crt_stdio_output@@@__crt_stdio_output@@IAE_NAAPAX@Z 100226b8 f i libucrt:output.obj
 0001:00021755       ??$extract_argument_from_va_list@PAXPAX@?$positional_parameter_base@_WV?$string_output_adapter@_W@__crt_stdio_output@@@__crt_stdio_output@@IAE_NAAPAX@Z 10022755 f i libucrt:output.obj
 0001:000217f2       ??$extract_argument_from_va_list@PAXPAX@?$standard_base@DV?$stream_output_adapter@D@__crt_stdio_output@@@__crt_stdio_output@@IAE_NAAPAX@Z 100227f2 f i libucrt:output.obj
 0001:00021812       ??$extract_argument_from_va_list@PAXPAX@?$standard_base@DV?$string_output_adapter@D@__crt_stdio_output@@@__crt_stdio_output@@IAE_NAAPAX@Z 10022812 f i libucrt:output.obj
 0001:00021832       ??$extract_argument_from_va_list@PAXPAX@?$standard_base@_WV?$stream_output_adapter@_W@__crt_stdio_output@@@__crt_stdio_output@@IAE_NAAPAX@Z 10022832 f i libucrt:output.obj
 0001:00021852       ??$extract_argument_from_va_list@PAXPAX@?$standard_base@_WV?$string_output_adapter@_W@__crt_stdio_output@@@__crt_stdio_output@@IAE_NAAPAX@Z 10022852 f i libucrt:output.obj
 0001:00021872       ??$extract_argument_from_va_list@U_CRT_DOUBLE@@U1@@?$positional_parameter_base@DV?$stream_output_adapter@D@__crt_stdio_output@@@__crt_stdio_output@@IAE_NAAU_CRT_DOUBLE@@@Z 10022872 f i libucrt:output.obj
 0001:00021923       ??$extract_argument_from_va_list@U_CRT_DOUBLE@@U1@@?$positional_parameter_base@DV?$string_output_adapter@D@__crt_stdio_output@@@__crt_stdio_output@@IAE_NAAU_CRT_DOUBLE@@@Z 10022923 f i libucrt:output.obj
 0001:000219d4       ??$extract_argument_from_va_list@U_CRT_DOUBLE@@U1@@?$positional_parameter_base@_WV?$stream_output_adapter@_W@__crt_stdio_output@@@__crt_stdio_output@@IAE_NAAU_CRT_DOUBLE@@@Z 100229d4 f i libucrt:output.obj
 0001:00021a85       ??$extract_argument_from_va_list@U_CRT_DOUBLE@@U1@@?$positional_parameter_base@_WV?$string_output_adapter@_W@__crt_stdio_output@@@__crt_stdio_output@@IAE_NAAU_CRT_DOUBLE@@@Z 10022a85 f i libucrt:output.obj
 0001:00021b36       ??$extract_argument_from_va_list@U_CRT_DOUBLE@@U1@@?$standard_base@DV?$stream_output_adapter@D@__crt_stdio_output@@@__crt_stdio_output@@IAE_NAAU_CRT_DOUBLE@@@Z 10022b36 f i libucrt:output.obj
 0001:00021b5e       ??$extract_argument_from_va_list@U_CRT_DOUBLE@@U1@@?$standard_base@DV?$string_output_adapter@D@__crt_stdio_output@@@__crt_stdio_output@@IAE_NAAU_CRT_DOUBLE@@@Z 10022b5e f i libucrt:output.obj
 0001:00021b86       ??$extract_argument_from_va_list@U_CRT_DOUBLE@@U1@@?$standard_base@_WV?$stream_output_adapter@_W@__crt_stdio_output@@@__crt_stdio_output@@IAE_NAAU_CRT_DOUBLE@@@Z 10022b86 f i libucrt:output.obj
 0001:00021bae       ??$extract_argument_from_va_list@U_CRT_DOUBLE@@U1@@?$standard_base@_WV?$string_output_adapter@_W@__crt_stdio_output@@@__crt_stdio_output@@IAE_NAAU_CRT_DOUBLE@@@Z 10022bae f i libucrt:output.obj
 0001:00021bd6       ??$extract_argument_from_va_list@_J_J@?$positional_parameter_base@DV?$stream_output_adapter@D@__crt_stdio_output@@@__crt_stdio_output@@IAE_NAA_J@Z 10022bd6 f i libucrt:output.obj
 0001:00021c87       ??$extract_argument_from_va_list@_J_J@?$positional_parameter_base@DV?$string_output_adapter@D@__crt_stdio_output@@@__crt_stdio_output@@IAE_NAA_J@Z 10022c87 f i libucrt:output.obj
 0001:00021d38       ??$extract_argument_from_va_list@_J_J@?$positional_parameter_base@_WV?$stream_output_adapter@_W@__crt_stdio_output@@@__crt_stdio_output@@IAE_NAA_J@Z 10022d38 f i libucrt:output.obj
 0001:00021de9       ??$extract_argument_from_va_list@_J_J@?$positional_parameter_base@_WV?$string_output_adapter@_W@__crt_stdio_output@@@__crt_stdio_output@@IAE_NAA_J@Z 10022de9 f i libucrt:output.obj
 0001:00021e9a       ??$extract_argument_from_va_list@_J_J@?$standard_base@DV?$stream_output_adapter@D@__crt_stdio_output@@@__crt_stdio_output@@IAE_NAA_J@Z 10022e9a f i libucrt:output.obj
 0001:00021ec2       ??$extract_argument_from_va_list@_J_J@?$standard_base@DV?$string_output_adapter@D@__crt_stdio_output@@@__crt_stdio_output@@IAE_NAA_J@Z 10022ec2 f i libucrt:output.obj
 0001:00021eea       ??$extract_argument_from_va_list@_J_J@?$standard_base@_WV?$stream_output_adapter@_W@__crt_stdio_output@@@__crt_stdio_output@@IAE_NAA_J@Z 10022eea f i libucrt:output.obj
 0001:00021f12       ??$extract_argument_from_va_list@_J_J@?$standard_base@_WV?$string_output_adapter@_W@__crt_stdio_output@@@__crt_stdio_output@@IAE_NAA_J@Z 10022f12 f i libucrt:output.obj
 0001:00021f3a       ??$extract_argument_from_va_list@_K_J@?$positional_parameter_base@DV?$stream_output_adapter@D@__crt_stdio_output@@@__crt_stdio_output@@IAE_NAA_J@Z 10022f3a f i libucrt:output.obj
 0001:00021feb       ??$extract_argument_from_va_list@_K_J@?$positional_parameter_base@DV?$string_output_adapter@D@__crt_stdio_output@@@__crt_stdio_output@@IAE_NAA_J@Z 10022feb f i libucrt:output.obj
[...]
 0003:00008020       _CANAC2_2_send_mb2         1007a020     <common>
 0003:00008340       _CANAC2_1_receive_mb2      1007a340     <common>
 0003:00008660       _CANAC2_1_send_mb2         1007a660     <common>
 0003:00008980       _CANAC2_2_receiveindex_mb1 1007a980     <common>
 0003:00008ca0       _CANAC2_2_receivemaxindex_mb1 1007aca0     <common>
 0003:00008cc0       _CANAC2_2_sendindex_mb1    1007acc0     <common>
 0003:00008fe0       _CANAC2_2_sendmaxindex_mb1 1007afe0     <common>
 0003:00009000       _CANAC2_1_receiveindex_mb1 1007b000     <common>
 0003:00009320       _CANAC2_1_receivemaxindex_mb1 1007b320     <common>
 0003:00009340       _CANAC2_1_sendindex_mb1    1007b340     <common>
 0003:00009660       _CANAC2_1_sendmaxindex_mb1 1007b660     <common>
 0003:00009680       _CANAC2_2_receive_mb1      1007b680     <common>
 0003:000099a0       _CANAC2_2_send_mb1         1007b9a0     <common>
 0003:00009cc0       _CANAC2_1_receive_mb1      1007bcc0     <common>
 0003:00009fe0       _CANAC2_1_send_mb1         1007bfe0     <common>
 0003:0000a300       _CANAC2_2_receiveindex     1007c300     <common>
 0003:0000a620       _CANAC2_2_receivemaxindex  1007c620     <common>
 0003:0000a640       _CANAC2_2_sendindex        1007c640     <common>
 0003:0000a960       _CANAC2_2_sendmaxindex     1007c960     <common>
 0003:0000a980       _CANAC2_1_receiveindex     1007c980     <common>
 0003:0000aca0       _CANAC2_1_receivemaxindex  1007cca0     <common>
 0003:0000acc0       _CANAC2_1_sendindex        1007ccc0     <common>
 0003:0000afe0       _CANAC2_1_sendmaxindex     1007cfe0     <common>
 0003:0000b000       _CANAC2_2_receive          1007d000     <common>
 0003:0000b320       _CANAC2_2_send             1007d320     <common>
 0003:0000b640       _CANAC2_1_receive          1007d640     <common>
 0003:0000b960       _CANAC2_1_send             1007d960     <common>
 0003:0000bc80       _siepowercan_can_object_buffer_port2 1007dc80     <common>
 0003:0000fca0       _siepowercan_can_object_buffer_port1 10081ca0     <common>
 0003:00013ca0       _rtNaNF                    10085ca0     <common>
 0003:00013cb4       _rtMinusInfF               10085cb4     <common>
 0003:00013cb8       _rtInfF                    10085cb8     <common>
 0003:00013cc0       _rtNaN                     10085cc0     <common>
 0003:00013cc8       _rtMinusInf                10085cc8     <common>
 0003:00013cd0       _rtInf                     10085cd0     <common>
 0003:00013ce0       _slrtTETViaXCP             10085ce0     <common>
 0003:00013d08       ?_OptionsStorage@?1??__local_stdio_printf_options@@9@9 10085d08     <common>
 0003:00013ee0       _driver_test_M_            10085ee0     <common>
 0003:00014730       _driver_test_DW            10086730     <common>
 0003:00014740       _driver_test_B             10086740     <common>
 0003:00014770       _UDPCloseSend              10086770     <common>
 0003:000147e4       _UDPOpenReceive            100867e4     <common>
 0003:000147e8       _UDPOpenSend               100867e8     <common>
 0003:000147ec       _ResetClientSocket         100867ec     <common>
 0003:000147f0       _CloseClientSocket         100867f0     <common>
 0003:000147f4       _ConnectClientSocket       100867f4     <common>
 0003:000147f8       _BindClientSocket          100867f8     <common>
 0003:000147fc       _CreateClientSocket        100867fc     <common>
 0003:00014800       _ResetServerSocket         10086800     <common>
 0003:00014804       _CloseServerSocket         10086804     <common>
 0003:00014808       _ConnectServerSocket       10086808     <common>
 0003:0001480c       _OpenServerListen          1008680c     <common>
 0003:00014810       _CreateServerSocket        10086810     <common>
 0003:00014814       _SocketReceive             10086814     <common>
 0003:00014818       _SocketSend                10086818     <common>
 0003:0001481c       _GetSocketState            1008681c     <common>
 0003:00014820       _GetSocket                 10086820     <common>
 0003:00014824       _socket                    10086824     <common>
 0003:00014828       _inet_addr                 10086828     <common>
 0003:0001482c       _sendto                    1008682c     <common>
 0003:00014830       _recvfrom                  10086830     <common>
 0003:00014834       _listen                    10086834     <common>
 0003:00014838       _ioctlsocket               10086838     <common>
 0003:0001483c       _connect                   1008683c     <common>
 0003:00014840       _closesocket               10086840     <common>
 0003:00014844       _setsockopt                10086844     <common>
 0003:00014848       _bind                      10086848     <common>
 0003:0001484c       _accept                    1008684c     <common>
 0003:00014850       _GetHostTarIPAdd           10086850     <common>
 0003:00014854       _GetDCUUsage               10086854     <common>
 0003:00014858       _DeleteRoute               10086858     <common>
 0003:0001485c       _AddGatewayRoute           1008685c     <common>
 0003:00014860       _SetIP                     10086860     <common>
 0003:00014864       _CloseInterface            10086864     <common>
 0003:00014868       _OpenInterface             10086868     <common>
 0003:0001486c       _SetIPTASKPriority         1008686c     <common>
 0003:00014870       _releaseNIC                10086870     <common>
 0003:00014874       _NICGetIface               10086874     <common>
 0003:00014878       _NICSetIface               10086878     <common>
 0003:0001487c       _registerNIC               1008687c     <common>
 0003:00014880       _slrtWarning               10086880     <common>
 0003:00014884       _slrtGetCPUTCelsius        10086884     <common>
 0003:00014888       _geterrorstring            10086888     <common>
 0003:0001488c       _getlasterror              1008688c     <common>
 0003:00014890       _slrtGetProfilerState      10086890     <common>
 0003:00014894       _slrtStopProfiler          10086894     <common>
 0003:00014898       _slrtStartProfiler         10086898     <common>
 0003:0001489c       _slrtLogEvent              1008689c     <common>
 0003:000148a0       _slrtGetDefaultDrive       100868a0     <common>
 0003:000148a4       _slrtfsFread               100868a4     <common>
 0003:000148a8       _slrtfsGetFileStatus       100868a8     <common>
 0003:000148ac       _slrtfsOpenFileAsync       100868ac     <common>
 0003:000148b0       _slrtfsCloseFileAsync      100868b0     <common>
 0003:000148b4       _slrtfsGetFileErrorMessage 100868b4     <common>
 0003:000148b8       _slrtfsGetFileError        100868b8     <common>
 0003:000148bc       _slrtfsWriteToFile         100868bc     <common>
 0003:000148c0       _slrtfsCloseFile           100868c0     <common>
 0003:000148c4       _slrtfsOpenFile            100868c4     <common>
 0003:000148c8       _slrtGetSgCRBSpace         100868c8     <common>
 0003:000148cc       _slrtGetCRBScratchSpace    100868cc     <common>
 0003:000148d0       _slrteSetupMSI             100868d0     <common>
 0003:000148d4       _slTestRegAssessment       100868d4     <common>
 0003:000148d8       _slTestTerminate           100868d8     <common>
 0003:000148dc       _slTestEvalOnFail          100868dc     <common>
 0003:000148e0       _slTestLogAssessments      100868e0     <common>
 0003:000148e4       _slTestInitialize          100868e4     <common>
 0003:000148e8       _unRegisterPTPTimeRead     100868e8     <common>
 0003:000148ec       _registerPTPTimeRead       100868ec     <common>
 0003:000148f0       _slrteGetCurrentStepSize   100868f0     <common>
 0003:000148f4       _slrteSetStepSizeDelta     100868f4     <common>
 0003:000148f8       _xpceDAQUpdateTimeStamp    100868f8     <common>
 0003:000148fc       _xpceDAQPostEvent          100868fc     <common>
 0003:00014900       _StreamVideo               10086900     <common>
 0003:00014904       _StopVideoDisplay          10086904     <common>
 0003:00014908       _StartVideoDisplay         10086908     <common>
 0003:0001490c       _DestroyVideoDisplay       1008690c     <common>
 0003:00014910       _CreateVideoDisplay        10086910     <common>
 0003:00014914       _ConvertUImage             10086914     <common>
 0003:00014918       _StopVideo                 10086918     <common>
 0003:0001491c       _ReadFrameBuffer           1008691c     <common>
 0003:00014920       _StartVideo                10086920     <common>
 0003:00014924       _GetVideoConfigs           10086924     <common>
 0003:00014928       _FindUsbVideoDevice        10086928     <common>
 0003:0001492c       _xpceDeleteSemaphore       1008692c     <common>
 0003:00014930       _xpceSignalSemaphore       10086930     <common>
 0003:00014934       _xpceWaitSemaphore         10086934     <common>
 0003:00014938       _xpceCreateSemaphore       10086938     <common>
 0003:0001493c       _xpceScopeAcqOK            1008693c     <common>
 0003:00014940       _rl32eRestartAcquisition   10086940     <common>
 0003:00014944       _rl32eSetTargetScopeSigFt  10086944     <common>
 0003:00014948       _rl32eSetTargetScope       10086948     <common>
 0003:0001494c       _xpceFSScopeSet            1008694c     <common>
 0003:00014950       _rl32eSetScope             10086950     <common>
 0003:00014954       _rl32eAddSignal            10086954     <common>
 0003:00014958       _rl32eGetSignalNo          10086958     <common>
 0003:0001495c       _rl32eDefScope             1008695c     <common>
 0003:00014960       _rl32eScopeExists          10086960     <common>
 0003:00014964       _TBGiveSpinFast            10086964     <common>
 0003:00014968       _TBTakeSpinFast            10086968     <common>
 0003:0001496c       _TBDeleteSpin              1008696c     <common>
 0003:00014970       _TBCreateSpin              10086970     <common>
 0003:00014974       _xpceGetParamDims          10086974     <common>
 0003:00014978       _xpceGetParameter          10086978     <common>
 0003:0001497c       _xpceSetParameter          1008697c     <common>
 0003:00014980       _xpceGetSignalValue        10086980     <common>
 0003:00014984       _xpceAssignPCIInterrupt    10086984     <common>
 0003:00014988       _rl32eGetPCIInfoAtSlot     10086988     <common>
 0003:0001498c       _rl32eGetPCIInfo           1008698c     <common>
 0003:00014990       _rl32eShowPCIInfo          10086990     <common>
 0003:00014994       _rl32eShowPCIDev           10086994     <common>
 0003:00014998       _xpceGetTET                10086998     <common>
 0003:0001499c       _xpceaddEvent              1008699c     <common>
 0003:000149a0       _xpceDeRegisterISR         100869a0     <common>
 0003:000149a4       _xpceRegisterISR           100869a4     <common>
 0003:000149a8       _xpcIsModelInit            100869a8     <common>
 0003:000149ac       _xpcGetElapsedTime         100869ac     <common>
 0003:000149b0       _xpcBusyWait               100869b0     <common>
 0003:000149b4       _xpcFreePhysicalMemory     100869b4     <common>
 0003:000149b8       _xpcAllocPhysicalMemory    100869b8     <common>
 0003:000149bc       _xpcReserveMemoryRegion    100869bc     <common>
 0003:000149c0       _xpcOutpB                  100869c0     <common>
 0003:000149c4       _xpcOutpW                  100869c4     <common>
 0003:000149c8       _xpcOutpDW                 100869c8     <common>
 0003:000149cc       _xpcInpB                   100869cc     <common>
 0003:000149d0       _xpcInpW                   100869d0     <common>
 0003:000149d4       _xpcInpDW                  100869d4     <common>
 0003:000149d8       _UDPCloseReceive           100869d8     <common>
 0003:000149dc       ___scrt_ucrt_dll_is_in_use 100869dc     <common>
 0003:000149e8       ___dyn_tls_init_callback   100869e8     <common>
 0003:000149f4       __pDestructExceptionObject 100869f4     <common>
 0003:00014a00       __pmatherr                 10086a00     <common>
 0003:00014a0c       ___use_sse2_mathfcns       10086a0c     <common>
 0004:00000000       __imp__GetModuleHandleA@4  10087000     kernel32:KERNEL32.dll
 0004:00000004       __imp__GetProcAddress@8    10087004     kernel32:KERNEL32.dll
 0004:00000008       __imp__UnhandledExceptionFilter@4 10087008     kernel32:KERNEL32.dll
 0004:0000000c       __imp__SetUnhandledExceptionFilter@4 1008700c     kernel32:KERNEL32.dll
 0004:00000010       __imp__GetCurrentProcess@0 10087010     kernel32:KERNEL32.dll
 0004:00000014       __imp__TerminateProcess@8  10087014     kernel32:KERNEL32.dll
 0004:00000018       __imp__IsProcessorFeaturePresent@4 10087018     kernel32:KERNEL32.dll
 0004:0000001c       __imp__QueryPerformanceCounter@4 1008701c     kernel32:KERNEL32.dll
 0004:00000020       __imp__GetCurrentProcessId@0 10087020     kernel32:KERNEL32.dll
 0004:00000024       __imp__GetCurrentThreadId@0 10087024     kernel32:KERNEL32.dll
 0004:00000028       __imp__GetSystemTimeAsFileTime@4 10087028     kernel32:KERNEL32.dll
 0004:0000002c       __imp__InitializeSListHead@4 1008702c     kernel32:KERNEL32.dll
 0004:00000030       __imp__IsDebuggerPresent@0 10087030     kernel32:KERNEL32.dll
 0004:00000034       __imp__GetStartupInfoW@4   10087034     kernel32:KERNEL32.dll
 0004:00000038       __imp__GetModuleHandleW@4  10087038     kernel32:KERNEL32.dll
 0004:0000003c       __imp__InterlockedPushEntrySList@8 1008703c     kernel32:KERNEL32.dll
 0004:00000040       __imp__InterlockedFlushSList@4 10087040     kernel32:KERNEL32.dll
 0004:00000044       __imp__RtlUnwind@16        10087044     kernel32:KERNEL32.dll
 0004:00000048       __imp__GetLastError@0      10087048     kernel32:KERNEL32.dll
 0004:0000004c       __imp__SetLastError@4      1008704c     kernel32:KERNEL32.dll
 0004:00000050       __imp__EnterCriticalSection@4 10087050     kernel32:KERNEL32.dll
 0004:00000054       __imp__LeaveCriticalSection@4 10087054     kernel32:KERNEL32.dll
 0004:00000058       __imp__DeleteCriticalSection@4 10087058     kernel32:KERNEL32.dll
 0004:0000005c       __imp__InitializeCriticalSectionAndSpinCount@8 1008705c     kernel32:KERNEL32.dll
 0004:00000060       __imp__TlsAlloc@0          10087060     kernel32:KERNEL32.dll
 0004:00000064       __imp__TlsGetValue@4       10087064     kernel32:KERNEL32.dll
 0004:00000068       __imp__TlsSetValue@8       10087068     kernel32:KERNEL32.dll
 0004:0000006c       __imp__TlsFree@4           1008706c     kernel32:KERNEL32.dll
 0004:00000070       __imp__FreeLibrary@4       10087070     kernel32:KERNEL32.dll
 0004:00000074       __imp__LoadLibraryExW@12   10087074     kernel32:KERNEL32.dll
 0004:00000078       __imp__ExitProcess@4       10087078     kernel32:KERNEL32.dll
 0004:0000007c       __imp__GetModuleHandleExW@12 1008707c     kernel32:KERNEL32.dll
 0004:00000080       __imp__GetStdHandle@4      10087080     kernel32:KERNEL32.dll
 0004:00000084       __imp__GetFileType@4       10087084     kernel32:KERNEL32.dll
 0004:00000088       __imp__GetModuleFileNameA@12 10087088     kernel32:KERNEL32.dll
 0004:0000008c       __imp__GetModuleFileNameW@12 1008708c     kernel32:KERNEL32.dll
 0004:00000090       __imp__WriteConsoleW@20    10087090     kernel32:KERNEL32.dll
 0004:00000094       __imp__RaiseException@16   10087094     kernel32:KERNEL32.dll
 0004:00000098       __imp__MultiByteToWideChar@24 10087098     kernel32:KERNEL32.dll
 0004:0000009c       __imp__WideCharToMultiByte@32 1008709c     kernel32:KERNEL32.dll
 0004:000000a0       __imp__HeapFree@12         100870a0     kernel32:KERNEL32.dll
 0004:000000a4       __imp__HeapAlloc@12        100870a4     kernel32:KERNEL32.dll
 0004:000000a8       __imp__GetDateFormatW@24   100870a8     kernel32:KERNEL32.dll
 0004:000000ac       __imp__GetTimeFormatW@24   100870ac     kernel32:KERNEL32.dll
 0004:000000b0       __imp__CompareStringW@24   100870b0     kernel32:KERNEL32.dll
 0004:000000b4       __imp__LCMapStringW@24     100870b4     kernel32:KERNEL32.dll
 0004:000000b8       __imp__GetLocaleInfoW@16   100870b8     kernel32:KERNEL32.dll
 0004:000000bc       __imp__IsValidLocale@8     100870bc     kernel32:KERNEL32.dll
 0004:000000c0       __imp__GetUserDefaultLCID@0 100870c0     kernel32:KERNEL32.dll
 0004:000000c4       __imp__EnumSystemLocalesW@8 100870c4     kernel32:KERNEL32.dll
 0004:000000c8       __imp__GetCurrentThread@0  100870c8     kernel32:KERNEL32.dll
 0004:000000cc       __imp__GetACP@0            100870cc     kernel32:KERNEL32.dll
 0004:000000d0       __imp__HeapReAlloc@16      100870d0     kernel32:KERNEL32.dll
 0004:000000d4       __imp__CloseHandle@4       100870d4     kernel32:KERNEL32.dll
 0004:000000d8       __imp__ReadFile@20         100870d8     kernel32:KERNEL32.dll
 0004:000000dc       __imp__GetConsoleMode@8    100870dc     kernel32:KERNEL32.dll
 0004:000000e0       __imp__ReadConsoleW@20     100870e0     kernel32:KERNEL32.dll
 0004:000000e4       __imp__WriteFile@20        100870e4     kernel32:KERNEL32.dll
 0004:000000e8       __imp__GetConsoleCP@0      100870e8     kernel32:KERNEL32.dll
 0004:000000ec       __imp__DeleteFileW@4       100870ec     kernel32:KERNEL32.dll
 0004:000000f0       __imp__SetFilePointerEx@20 100870f0     kernel32:KERNEL32.dll
 0004:000000f4       __imp__OutputDebugStringA@4 100870f4     kernel32:KERNEL32.dll
 0004:000000f8       __imp__OutputDebugStringW@4 100870f8     kernel32:KERNEL32.dll
 0004:000000fc       __imp__WaitForSingleObjectEx@12 100870fc     kernel32:KERNEL32.dll
 0004:00000100       __imp__CreateThread@24     10087100     kernel32:KERNEL32.dll
 0004:00000104       __imp__SetConsoleCtrlHandler@8 10087104     kernel32:KERNEL32.dll
 0004:00000108       __imp__FindClose@4         10087108     kernel32:KERNEL32.dll
 0004:0000010c       __imp__FindFirstFileExA@24 1008710c     kernel32:KERNEL32.dll
 0004:00000110       __imp__FindFirstFileExW@24 10087110     kernel32:KERNEL32.dll
 0004:00000114       __imp__FindNextFileA@8     10087114     kernel32:KERNEL32.dll
 0004:00000118       __imp__FindNextFileW@8     10087118     kernel32:KERNEL32.dll
 0004:0000011c       __imp__IsValidCodePage@4   1008711c     kernel32:KERNEL32.dll
 0004:00000120       __imp__GetOEMCP@0          10087120     kernel32:KERNEL32.dll
 0004:00000124       __imp__GetCPInfo@8         10087124     kernel32:KERNEL32.dll
 0004:00000128       __imp__GetCommandLineA@0   10087128     kernel32:KERNEL32.dll
 0004:0000012c       __imp__GetCommandLineW@0   1008712c     kernel32:KERNEL32.dll
 0004:00000130       __imp__GetEnvironmentStringsW@0 10087130     kernel32:KERNEL32.dll
 0004:00000134       __imp__FreeEnvironmentStringsW@4 10087134     kernel32:KERNEL32.dll
 0004:00000138       __imp__SetEnvironmentVariableA@8 10087138     kernel32:KERNEL32.dll
 0004:0000013c       __imp__SetEnvironmentVariableW@8 1008713c     kernel32:KERNEL32.dll
 0004:00000140       __imp__GetProcessHeap@0    10087140     kernel32:KERNEL32.dll
 0004:00000144       __imp__GetStringTypeW@16   10087144     kernel32:KERNEL32.dll
 0004:00000148       __imp__FlushFileBuffers@4  10087148     kernel32:KERNEL32.dll
 0004:0000014c       __imp__SetStdHandle@8      1008714c     kernel32:KERNEL32.dll
 0004:00000150       __imp__CreateFileW@28      10087150     kernel32:KERNEL32.dll
 0004:00000154       __imp__HeapSize@12         10087154     kernel32:KERNEL32.dll
 0004:00000158       __imp__SetEndOfFile@4      10087158     kernel32:KERNEL32.dll
 0004:0000015c       __imp__EncodePointer@4     1008715c     kernel32:KERNEL32.dll
 0004:00000160       __imp__DecodePointer@4     10087160     kernel32:KERNEL32.dll
 0004:00000164       \177KERNEL32_NULL_THUNK_DATA 10087164     kernel32:KERNEL32.dll
 0004:000001d4       __IMPORT_DESCRIPTOR_KERNEL32 100871d4     kernel32:KERNEL32.dll
 0004:000001e8       __NULL_IMPORT_DESCRIPTOR   100871e8     kernel32:KERNEL32.dll
 0006:00000000       ___guard_check_icall_fptr  10089000     LIBCMT:guard_support.obj
